2026-04-14 21:53:34,203 - backend.app.core - ERROR - Exception on /api/matches/1/assignments/1 [PUT]
Traceback (most recent call last):
  File "/home/juande/UGL/venv/lib/python3.14/site-packages/flask/app.py", line 917, in full_dispatch_request
    rv = self.dispatch_request()
  File "/home/juande/UGL/venv/lib/python3.14/site-packages/flask/app.py", line 902, in dispatch_request
    return self.ensure_sync(self.view_functions[rule.endpoint])(**view_args)  # type: ignore[no-any-return]
           ~~~~~~~~~~~~~~~~~~~~~~~~~~~~~~~~~~~~~~~~~~~~~~~~~~~~^^^^^^^^^^^^^
  File "/home/juande/UGL/venv/lib/python3.14/site-packages/flask_restx/api.py", line 404, in wrapper
    resp = resource(*args, **kwargs)
  File "/home/juande/UGL/venv/lib/python3.14/site-packages/flask/views.py", line 110, in view
    return current_app.ensure_sync(self.dispatch_request)(**kwargs)  # type: ignore[no-any-return]
           ~~~~~~~~~~~~~~~~~~~~~~~~~~~~~~~~~~~~~~~~~~~~~~^^^^^^^^^^
  File "/home/juande/UGL/venv/lib/python3.14/site-packages/flask_restx/resource.py", line 41, in dispatch_request
    resp = meth(*args, **kwargs)
  File "/home/juande/UGL/venv/lib/python3.14/site-packages/flask_jwt_extended/view_decorators.py", line 170, in decorator
    return current_app.ensure_sync(fn)(*args, **kwargs)
           ~~~~~~~~~~~~~~~~~~~~~~~~~~~^^^^^^^^^^^^^^^^^
  File "/home/juande/UGL/backend/app/routes/matches.py", line 315, in put
    sync_match_goals(assignment.match)
    ~~~~~~~~~~~~~~~~^^^^^^^^^^^^^^^^^^
  File "/home/juande/UGL/backend/app/routes/matches.py", line 79, in sync_match_goals
    match.pda_goals = len([g for g in goals if g.team == "PDA"])
    ^^^^^^^^^^^^^^^
AttributeError: property 'pda_goals' of 'Match' object has no setter
2026-04-14 22:16:47,502 - backend.app.core - ERROR - Exception on /api/auth/me [GET]
Traceback (most recent call last):
  File "/home/juande/UGL/venv/lib/python3.14/site-packages/flask/app.py", line 917, in full_dispatch_request
    rv = self.dispatch_request()
  File "/home/juande/UGL/venv/lib/python3.14/site-packages/flask/app.py", line 902, in dispatch_request
    return self.ensure_sync(self.view_functions[rule.endpoint])(**view_args)  # type: ignore[no-any-return]
           ~~~~~~~~~~~~~~~~~~~~~~~~~~~~~~~~~~~~~~~~~~~~~~~~~~~~^^^^^^^^^^^^^
  File "/home/juande/UGL/venv/lib/python3.14/site-packages/flask_restx/api.py", line 404, in wrapper
    resp = resource(*args, **kwargs)
  File "/home/juande/UGL/venv/lib/python3.14/site-packages/flask/views.py", line 110, in view
    return current_app.ensure_sync(self.dispatch_request)(**kwargs)  # type: ignore[no-any-return]
           ~~~~~~~~~~~~~~~~~~~~~~~~~~~~~~~~~~~~~~~~~~~~~~^^^^^^^^^^
  File "/home/juande/UGL/venv/lib/python3.14/site-packages/flask_restx/resource.py", line 41, in dispatch_request
    resp = meth(*args, **kwargs)
  File "/home/juande/UGL/backend/app/routes/auth.py", line 64, in get
    user = User.query.get(int(user_id))
           ^^^^^^^^^^
  File "/home/juande/UGL/venv/lib/python3.14/site-packages/flask_sqlalchemy/model.py", line 22, in __get__
    return cls.query_class(
           ~~~~~~~~~~~~~~~^
        cls, session=cls.__fsa__.session()  # type: ignore[arg-type]
        ^^^^^^^^^^^^^^^^^^^^^^^^^^^^^^^^^^^^^^^^^^^^^^^^^^^^^^^^^^^^
    )
    ^
  File "/home/juande/UGL/venv/lib/python3.14/site-packages/sqlalchemy/orm/query.py", line 277, in __init__
    self._set_entities(entities)
    ~~~~~~~~~~~~~~~~~~^^^^^^^^^^
  File "/home/juande/UGL/venv/lib/python3.14/site-packages/sqlalchemy/orm/query.py", line 290, in _set_entities
    coercions.expect(
    ~~~~~~~~~~~~~~~~^
        roles.ColumnsClauseRole,
        ^^^^^^^^^^^^^^^^^^^^^^^^
    ...<2 lines>...
        post_inspect=True,
        ^^^^^^^^^^^^^^^^^^
    )
    ^
  File "/home/juande/UGL/venv/lib/python3.14/site-packages/sqlalchemy/sql/coercions.py", line 389, in expect
    insp._post_inspect
  File "/home/juande/UGL/venv/lib/python3.14/site-packages/sqlalchemy/util/langhelpers.py", line 1235, in __get__
    obj.__dict__[self.__name__] = result = self.fget(obj)
                                           ~~~~~~~~~^^^^^
  File "/home/juande/UGL/venv/lib/python3.14/site-packages/sqlalchemy/orm/mapper.py", line 2733, in _post_inspect
    self._check_configure()
    ~~~~~~~~~~~~~~~~~~~~~^^
  File "/home/juande/UGL/venv/lib/python3.14/site-packages/sqlalchemy/orm/mapper.py", line 2410, in _check_configure
    _configure_registries({self.registry}, cascade=True)
    ~~~~~~~~~~~~~~~~~~~~~^^^^^^^^^^^^^^^^^^^^^^^^^^^^^^^
  File "/home/juande/UGL/venv/lib/python3.14/site-packages/sqlalchemy/orm/mapper.py", line 4227, in _configure_registries
    _do_configure_registries(registries, cascade)
    ~~~~~~~~~~~~~~~~~~~~~~~~^^^^^^^^^^^^^^^^^^^^^
  File "/home/juande/UGL/venv/lib/python3.14/site-packages/sqlalchemy/orm/mapper.py", line 4268, in _do_configure_registries
    mapper._post_configure_properties()
    ~~~~~~~~~~~~~~~~~~~~~~~~~~~~~~~~~^^
  File "/home/juande/UGL/venv/lib/python3.14/site-packages/sqlalchemy/orm/mapper.py", line 2427, in _post_configure_properties
    prop.init()
    ~~~~~~~~~^^
  File "/home/juande/UGL/venv/lib/python3.14/site-packages/sqlalchemy/orm/interfaces.py", line 595, in init
    self.do_init()
    ~~~~~~~~~~~~^^
  File "/home/juande/UGL/venv/lib/python3.14/site-packages/sqlalchemy/orm/relationships.py", line 1660, in do_init
    self._generate_backref()
    ~~~~~~~~~~~~~~~~~~~~~~^^
  File "/home/juande/UGL/venv/lib/python3.14/site-packages/sqlalchemy/orm/relationships.py", line 2086, in _generate_backref
    raise sa_exc.ArgumentError(
    ...<4 lines>...
    )
sqlalchemy.exc.ArgumentError: Error creating backref 'match' on relationship 'Match.goals': property of that name exists on mapper 'Mapper[Goal(goal)]'
2026-04-14 22:16:47,516 - backend.app.core - ERROR - Exception on /api/auth/me [GET]
Traceback (most recent call last):
  File "/home/juande/UGL/venv/lib/python3.14/site-packages/flask/app.py", line 917, in full_dispatch_request
    rv = self.dispatch_request()
  File "/home/juande/UGL/venv/lib/python3.14/site-packages/flask/app.py", line 902, in dispatch_request
    return self.ensure_sync(self.view_functions[rule.endpoint])(**view_args)  # type: ignore[no-any-return]
           ~~~~~~~~~~~~~~~~~~~~~~~~~~~~~~~~~~~~~~~~~~~~~~~~~~~~^^^^^^^^^^^^^
  File "/home/juande/UGL/venv/lib/python3.14/site-packages/flask_restx/api.py", line 404, in wrapper
    resp = resource(*args, **kwargs)
  File "/home/juande/UGL/venv/lib/python3.14/site-packages/flask/views.py", line 110, in view
    return current_app.ensure_sync(self.dispatch_request)(**kwargs)  # type: ignore[no-any-return]
           ~~~~~~~~~~~~~~~~~~~~~~~~~~~~~~~~~~~~~~~~~~~~~~^^^^^^^^^^
  File "/home/juande/UGL/venv/lib/python3.14/site-packages/flask_restx/resource.py", line 41, in dispatch_request
    resp = meth(*args, **kwargs)
  File "/home/juande/UGL/backend/app/routes/auth.py", line 64, in get
    user = User.query.get(int(user_id))
           ^^^^^^^^^^
  File "/home/juande/UGL/venv/lib/python3.14/site-packages/flask_sqlalchemy/model.py", line 22, in __get__
    return cls.query_class(
           ~~~~~~~~~~~~~~~^
        cls, session=cls.__fsa__.session()  # type: ignore[arg-type]
        ^^^^^^^^^^^^^^^^^^^^^^^^^^^^^^^^^^^^^^^^^^^^^^^^^^^^^^^^^^^^
    )
    ^
  File "/home/juande/UGL/venv/lib/python3.14/site-packages/sqlalchemy/orm/query.py", line 277, in __init__
    self._set_entities(entities)
    ~~~~~~~~~~~~~~~~~~^^^^^^^^^^
  File "/home/juande/UGL/venv/lib/python3.14/site-packages/sqlalchemy/orm/query.py", line 290, in _set_entities
    coercions.expect(
    ~~~~~~~~~~~~~~~~^
        roles.ColumnsClauseRole,
        ^^^^^^^^^^^^^^^^^^^^^^^^
    ...<2 lines>...
        post_inspect=True,
        ^^^^^^^^^^^^^^^^^^
    )
    ^
  File "/home/juande/UGL/venv/lib/python3.14/site-packages/sqlalchemy/sql/coercions.py", line 389, in expect
    insp._post_inspect
  File "/home/juande/UGL/venv/lib/python3.14/site-packages/sqlalchemy/util/langhelpers.py", line 1235, in __get__
    obj.__dict__[self.__name__] = result = self.fget(obj)
                                           ~~~~~~~~~^^^^^
  File "/home/juande/UGL/venv/lib/python3.14/site-packages/sqlalchemy/orm/mapper.py", line 2733, in _post_inspect
    self._check_configure()
    ~~~~~~~~~~~~~~~~~~~~~^^
  File "/home/juande/UGL/venv/lib/python3.14/site-packages/sqlalchemy/orm/mapper.py", line 2410, in _check_configure
    _configure_registries({self.registry}, cascade=True)
    ~~~~~~~~~~~~~~~~~~~~~^^^^^^^^^^^^^^^^^^^^^^^^^^^^^^^
  File "/home/juande/UGL/venv/lib/python3.14/site-packages/sqlalchemy/orm/mapper.py", line 4227, in _configure_registries
    _do_configure_registries(registries, cascade)
    ~~~~~~~~~~~~~~~~~~~~~~~~^^^^^^^^^^^^^^^^^^^^^
  File "/home/juande/UGL/venv/lib/python3.14/site-packages/sqlalchemy/orm/mapper.py", line 4264, in _do_configure_registries
    raise e
sqlalchemy.exc.InvalidRequestError: One or more mappers failed to initialize - can't proceed with initialization of other mappers. Triggering mapper: 'Mapper[Match(match)]'. Original exception was: Error creating backref 'match' on relationship 'Match.goals': property of that name exists on mapper 'Mapper[Goal(goal)]'
2026-04-14 22:16:47,544 - backend.app.core - ERROR - Exception on /api/auth/me [GET]
Traceback (most recent call last):
  File "/home/juande/UGL/venv/lib/python3.14/site-packages/flask/app.py", line 917, in full_dispatch_request
    rv = self.dispatch_request()
  File "/home/juande/UGL/venv/lib/python3.14/site-packages/flask/app.py", line 902, in dispatch_request
    return self.ensure_sync(self.view_functions[rule.endpoint])(**view_args)  # type: ignore[no-any-return]
           ~~~~~~~~~~~~~~~~~~~~~~~~~~~~~~~~~~~~~~~~~~~~~~~~~~~~^^^^^^^^^^^^^
  File "/home/juande/UGL/venv/lib/python3.14/site-packages/flask_restx/api.py", line 404, in wrapper
    resp = resource(*args, **kwargs)
  File "/home/juande/UGL/venv/lib/python3.14/site-packages/flask/views.py", line 110, in view
    return current_app.ensure_sync(self.dispatch_request)(**kwargs)  # type: ignore[no-any-return]
           ~~~~~~~~~~~~~~~~~~~~~~~~~~~~~~~~~~~~~~~~~~~~~~^^^^^^^^^^
  File "/home/juande/UGL/venv/lib/python3.14/site-packages/flask_restx/resource.py", line 41, in dispatch_request
    resp = meth(*args, **kwargs)
  File "/home/juande/UGL/backend/app/routes/auth.py", line 64, in get
    user = User.query.get(int(user_id))
           ^^^^^^^^^^
  File "/home/juande/UGL/venv/lib/python3.14/site-packages/flask_sqlalchemy/model.py", line 22, in __get__
    return cls.query_class(
           ~~~~~~~~~~~~~~~^
        cls, session=cls.__fsa__.session()  # type: ignore[arg-type]
        ^^^^^^^^^^^^^^^^^^^^^^^^^^^^^^^^^^^^^^^^^^^^^^^^^^^^^^^^^^^^
    )
    ^
  File "/home/juande/UGL/venv/lib/python3.14/site-packages/sqlalchemy/orm/query.py", line 277, in __init__
    self._set_entities(entities)
    ~~~~~~~~~~~~~~~~~~^^^^^^^^^^
  File "/home/juande/UGL/venv/lib/python3.14/site-packages/sqlalchemy/orm/query.py", line 290, in _set_entities
    coercions.expect(
    ~~~~~~~~~~~~~~~~^
        roles.ColumnsClauseRole,
        ^^^^^^^^^^^^^^^^^^^^^^^^
    ...<2 lines>...
        post_inspect=True,
        ^^^^^^^^^^^^^^^^^^
    )
    ^
  File "/home/juande/UGL/venv/lib/python3.14/site-packages/sqlalchemy/sql/coercions.py", line 389, in expect
    insp._post_inspect
  File "/home/juande/UGL/venv/lib/python3.14/site-packages/sqlalchemy/util/langhelpers.py", line 1235, in __get__
    obj.__dict__[self.__name__] = result = self.fget(obj)
                                           ~~~~~~~~~^^^^^
  File "/home/juande/UGL/venv/lib/python3.14/site-packages/sqlalchemy/orm/mapper.py", line 2733, in _post_inspect
    self._check_configure()
    ~~~~~~~~~~~~~~~~~~~~~^^
  File "/home/juande/UGL/venv/lib/python3.14/site-packages/sqlalchemy/orm/mapper.py", line 2410, in _check_configure
    _configure_registries({self.registry}, cascade=True)
    ~~~~~~~~~~~~~~~~~~~~~^^^^^^^^^^^^^^^^^^^^^^^^^^^^^^^
  File "/home/juande/UGL/venv/lib/python3.14/site-packages/sqlalchemy/orm/mapper.py", line 4227, in _configure_registries
    _do_configure_registries(registries, cascade)
    ~~~~~~~~~~~~~~~~~~~~~~~~^^^^^^^^^^^^^^^^^^^^^
  File "/home/juande/UGL/venv/lib/python3.14/site-packages/sqlalchemy/orm/mapper.py", line 4264, in _do_configure_registries
    raise e
sqlalchemy.exc.InvalidRequestError: One or more mappers failed to initialize - can't proceed with initialization of other mappers. Triggering mapper: 'Mapper[Match(match)]'. Original exception was: Error creating backref 'match' on relationship 'Match.goals': property of that name exists on mapper 'Mapper[Goal(goal)]'
2026-04-14 22:16:47,561 - backend.app.core - ERROR - Exception on /api/auth/me [GET]
Traceback (most recent call last):
  File "/home/juande/UGL/venv/lib/python3.14/site-packages/flask/app.py", line 917, in full_dispatch_request
    rv = self.dispatch_request()
  File "/home/juande/UGL/venv/lib/python3.14/site-packages/flask/app.py", line 902, in dispatch_request
    return self.ensure_sync(self.view_functions[rule.endpoint])(**view_args)  # type: ignore[no-any-return]
           ~~~~~~~~~~~~~~~~~~~~~~~~~~~~~~~~~~~~~~~~~~~~~~~~~~~~^^^^^^^^^^^^^
  File "/home/juande/UGL/venv/lib/python3.14/site-packages/flask_restx/api.py", line 404, in wrapper
    resp = resource(*args, **kwargs)
  File "/home/juande/UGL/venv/lib/python3.14/site-packages/flask/views.py", line 110, in view
    return current_app.ensure_sync(self.dispatch_request)(**kwargs)  # type: ignore[no-any-return]
           ~~~~~~~~~~~~~~~~~~~~~~~~~~~~~~~~~~~~~~~~~~~~~~^^^^^^^^^^
  File "/home/juande/UGL/venv/lib/python3.14/site-packages/flask_restx/resource.py", line 41, in dispatch_request
    resp = meth(*args, **kwargs)
  File "/home/juande/UGL/backend/app/routes/auth.py", line 64, in get
    user = User.query.get(int(user_id))
           ^^^^^^^^^^
  File "/home/juande/UGL/venv/lib/python3.14/site-packages/flask_sqlalchemy/model.py", line 22, in __get__
    return cls.query_class(
           ~~~~~~~~~~~~~~~^
        cls, session=cls.__fsa__.session()  # type: ignore[arg-type]
        ^^^^^^^^^^^^^^^^^^^^^^^^^^^^^^^^^^^^^^^^^^^^^^^^^^^^^^^^^^^^
    )
    ^
  File "/home/juande/UGL/venv/lib/python3.14/site-packages/sqlalchemy/orm/query.py", line 277, in __init__
    self._set_entities(entities)
    ~~~~~~~~~~~~~~~~~~^^^^^^^^^^
  File "/home/juande/UGL/venv/lib/python3.14/site-packages/sqlalchemy/orm/query.py", line 290, in _set_entities
    coercions.expect(
    ~~~~~~~~~~~~~~~~^
        roles.ColumnsClauseRole,
        ^^^^^^^^^^^^^^^^^^^^^^^^
    ...<2 lines>...
        post_inspect=True,
        ^^^^^^^^^^^^^^^^^^
    )
    ^
  File "/home/juande/UGL/venv/lib/python3.14/site-packages/sqlalchemy/sql/coercions.py", line 389, in expect
    insp._post_inspect
  File "/home/juande/UGL/venv/lib/python3.14/site-packages/sqlalchemy/util/langhelpers.py", line 1235, in __get__
    obj.__dict__[self.__name__] = result = self.fget(obj)
                                           ~~~~~~~~~^^^^^
  File "/home/juande/UGL/venv/lib/python3.14/site-packages/sqlalchemy/orm/mapper.py", line 2733, in _post_inspect
    self._check_configure()
    ~~~~~~~~~~~~~~~~~~~~~^^
  File "/home/juande/UGL/venv/lib/python3.14/site-packages/sqlalchemy/orm/mapper.py", line 2410, in _check_configure
    _configure_registries({self.registry}, cascade=True)
    ~~~~~~~~~~~~~~~~~~~~~^^^^^^^^^^^^^^^^^^^^^^^^^^^^^^^
  File "/home/juande/UGL/venv/lib/python3.14/site-packages/sqlalchemy/orm/mapper.py", line 4227, in _configure_registries
    _do_configure_registries(registries, cascade)
    ~~~~~~~~~~~~~~~~~~~~~~~~^^^^^^^^^^^^^^^^^^^^^
  File "/home/juande/UGL/venv/lib/python3.14/site-packages/sqlalchemy/orm/mapper.py", line 4264, in _do_configure_registries
    raise e
sqlalchemy.exc.InvalidRequestError: One or more mappers failed to initialize - can't proceed with initialization of other mappers. Triggering mapper: 'Mapper[Match(match)]'. Original exception was: Error creating backref 'match' on relationship 'Match.goals': property of that name exists on mapper 'Mapper[Goal(goal)]'
2026-04-14 22:16:56,210 - backend.app.core - ERROR - Exception on /api/auth/login [POST]
Traceback (most recent call last):
  File "/home/juande/UGL/venv/lib/python3.14/site-packages/flask/app.py", line 917, in full_dispatch_request
    rv = self.dispatch_request()
  File "/home/juande/UGL/venv/lib/python3.14/site-packages/flask/app.py", line 902, in dispatch_request
    return self.ensure_sync(self.view_functions[rule.endpoint])(**view_args)  # type: ignore[no-any-return]
           ~~~~~~~~~~~~~~~~~~~~~~~~~~~~~~~~~~~~~~~~~~~~~~~~~~~~^^^^^^^^^^^^^
  File "/home/juande/UGL/venv/lib/python3.14/site-packages/flask_restx/api.py", line 404, in wrapper
    resp = resource(*args, **kwargs)
  File "/home/juande/UGL/venv/lib/python3.14/site-packages/flask/views.py", line 110, in view
    return current_app.ensure_sync(self.dispatch_request)(**kwargs)  # type: ignore[no-any-return]
           ~~~~~~~~~~~~~~~~~~~~~~~~~~~~~~~~~~~~~~~~~~~~~~^^^^^^^^^^
  File "/home/juande/UGL/venv/lib/python3.14/site-packages/flask_restx/resource.py", line 41, in dispatch_request
    resp = meth(*args, **kwargs)
  File "/home/juande/UGL/backend/app/routes/auth.py", line 36, in post
    user = User.query.filter_by(email=email).first()
           ^^^^^^^^^^
  File "/home/juande/UGL/venv/lib/python3.14/site-packages/flask_sqlalchemy/model.py", line 22, in __get__
    return cls.query_class(
           ~~~~~~~~~~~~~~~^
        cls, session=cls.__fsa__.session()  # type: ignore[arg-type]
        ^^^^^^^^^^^^^^^^^^^^^^^^^^^^^^^^^^^^^^^^^^^^^^^^^^^^^^^^^^^^
    )
    ^
  File "/home/juande/UGL/venv/lib/python3.14/site-packages/sqlalchemy/orm/query.py", line 277, in __init__
    self._set_entities(entities)
    ~~~~~~~~~~~~~~~~~~^^^^^^^^^^
  File "/home/juande/UGL/venv/lib/python3.14/site-packages/sqlalchemy/orm/query.py", line 290, in _set_entities
    coercions.expect(
    ~~~~~~~~~~~~~~~~^
        roles.ColumnsClauseRole,
        ^^^^^^^^^^^^^^^^^^^^^^^^
    ...<2 lines>...
        post_inspect=True,
        ^^^^^^^^^^^^^^^^^^
    )
    ^
  File "/home/juande/UGL/venv/lib/python3.14/site-packages/sqlalchemy/sql/coercions.py", line 389, in expect
    insp._post_inspect
  File "/home/juande/UGL/venv/lib/python3.14/site-packages/sqlalchemy/util/langhelpers.py", line 1235, in __get__
    obj.__dict__[self.__name__] = result = self.fget(obj)
                                           ~~~~~~~~~^^^^^
  File "/home/juande/UGL/venv/lib/python3.14/site-packages/sqlalchemy/orm/mapper.py", line 2733, in _post_inspect
    self._check_configure()
    ~~~~~~~~~~~~~~~~~~~~~^^
  File "/home/juande/UGL/venv/lib/python3.14/site-packages/sqlalchemy/orm/mapper.py", line 2410, in _check_configure
    _configure_registries({self.registry}, cascade=True)
    ~~~~~~~~~~~~~~~~~~~~~^^^^^^^^^^^^^^^^^^^^^^^^^^^^^^^
  File "/home/juande/UGL/venv/lib/python3.14/site-packages/sqlalchemy/orm/mapper.py", line 4227, in _configure_registries
    _do_configure_registries(registries, cascade)
    ~~~~~~~~~~~~~~~~~~~~~~~~^^^^^^^^^^^^^^^^^^^^^
  File "/home/juande/UGL/venv/lib/python3.14/site-packages/sqlalchemy/orm/mapper.py", line 4264, in _do_configure_registries
    raise e
sqlalchemy.exc.InvalidRequestError: One or more mappers failed to initialize - can't proceed with initialization of other mappers. Triggering mapper: 'Mapper[Match(match)]'. Original exception was: Error creating backref 'match' on relationship 'Match.goals': property of that name exists on mapper 'Mapper[Goal(goal)]'
2026-04-14 22:16:56,219 - backend.app.core - ERROR - Exception on /api/auth/me [GET]
Traceback (most recent call last):
  File "/home/juande/UGL/venv/lib/python3.14/site-packages/flask/app.py", line 917, in full_dispatch_request
    rv = self.dispatch_request()
  File "/home/juande/UGL/venv/lib/python3.14/site-packages/flask/app.py", line 902, in dispatch_request
    return self.ensure_sync(self.view_functions[rule.endpoint])(**view_args)  # type: ignore[no-any-return]
           ~~~~~~~~~~~~~~~~~~~~~~~~~~~~~~~~~~~~~~~~~~~~~~~~~~~~^^^^^^^^^^^^^
  File "/home/juande/UGL/frontend/app/routes/auth.py", line 36, in login
    abort(503)
    ~~~~~^^^^^
  File "/home/juande/UGL/venv/lib/python3.14/site-packages/flask/helpers.py", line 291, in abort
    current_app.aborter(code, *args, **kwargs)
    ~~~~~~~~~~~~~~~~~~~^^^^^^^^^^^^^^^^^^^^^^^
  File "/home/juande/UGL/venv/lib/python3.14/site-packages/werkzeug/exceptions.py", line 887, in __call__
    raise self.mapping[code](*args, **kwargs)
werkzeug.exceptions.ServiceUnavailable: 503 Service Unavailable: The server is temporarily unable to service your request due to maintenance downtime or capacity problems. Please try again later.

During handling of the above exception, another exception occurred:

Traceback (most recent call last):
  File "/home/juande/UGL/venv/lib/python3.14/site-packages/flask/app.py", line 917, in full_dispatch_request
    rv = self.dispatch_request()
  File "/home/juande/UGL/venv/lib/python3.14/site-packages/flask/app.py", line 902, in dispatch_request
    return self.ensure_sync(self.view_functions[rule.endpoint])(**view_args)  # type: ignore[no-any-return]
           ~~~~~~~~~~~~~~~~~~~~~~~~~~~~~~~~~~~~~~~~~~~~~~~~~~~~^^^^^^^^^^^^^
  File "/home/juande/UGL/venv/lib/python3.14/site-packages/flask_restx/api.py", line 404, in wrapper
    resp = resource(*args, **kwargs)
  File "/home/juande/UGL/venv/lib/python3.14/site-packages/flask/views.py", line 110, in view
    return current_app.ensure_sync(self.dispatch_request)(**kwargs)  # type: ignore[no-any-return]
           ~~~~~~~~~~~~~~~~~~~~~~~~~~~~~~~~~~~~~~~~~~~~~~^^^^^^^^^^
  File "/home/juande/UGL/venv/lib/python3.14/site-packages/flask_restx/resource.py", line 41, in dispatch_request
    resp = meth(*args, **kwargs)
  File "/home/juande/UGL/backend/app/routes/auth.py", line 64, in get
    user = User.query.get(int(user_id))
           ^^^^^^^^^^
  File "/home/juande/UGL/venv/lib/python3.14/site-packages/flask_sqlalchemy/model.py", line 22, in __get__
    return cls.query_class(
           ~~~~~~~~~~~~~~~^
        cls, session=cls.__fsa__.session()  # type: ignore[arg-type]
        ^^^^^^^^^^^^^^^^^^^^^^^^^^^^^^^^^^^^^^^^^^^^^^^^^^^^^^^^^^^^
    )
    ^
  File "/home/juande/UGL/venv/lib/python3.14/site-packages/sqlalchemy/orm/query.py", line 277, in __init__
    self._set_entities(entities)
    ~~~~~~~~~~~~~~~~~~^^^^^^^^^^
  File "/home/juande/UGL/venv/lib/python3.14/site-packages/sqlalchemy/orm/query.py", line 290, in _set_entities
    coercions.expect(
    ~~~~~~~~~~~~~~~~^
        roles.ColumnsClauseRole,
        ^^^^^^^^^^^^^^^^^^^^^^^^
    ...<2 lines>...
        post_inspect=True,
        ^^^^^^^^^^^^^^^^^^
    )
    ^
  File "/home/juande/UGL/venv/lib/python3.14/site-packages/sqlalchemy/sql/coercions.py", line 389, in expect
    insp._post_inspect
  File "/home/juande/UGL/venv/lib/python3.14/site-packages/sqlalchemy/util/langhelpers.py", line 1235, in __get__
    obj.__dict__[self.__name__] = result = self.fget(obj)
                                           ~~~~~~~~~^^^^^
  File "/home/juande/UGL/venv/lib/python3.14/site-packages/sqlalchemy/orm/mapper.py", line 2733, in _post_inspect
    self._check_configure()
    ~~~~~~~~~~~~~~~~~~~~~^^
  File "/home/juande/UGL/venv/lib/python3.14/site-packages/sqlalchemy/orm/mapper.py", line 2410, in _check_configure
    _configure_registries({self.registry}, cascade=True)
    ~~~~~~~~~~~~~~~~~~~~~^^^^^^^^^^^^^^^^^^^^^^^^^^^^^^^
  File "/home/juande/UGL/venv/lib/python3.14/site-packages/sqlalchemy/orm/mapper.py", line 4227, in _configure_registries
    _do_configure_registries(registries, cascade)
    ~~~~~~~~~~~~~~~~~~~~~~~~^^^^^^^^^^^^^^^^^^^^^
  File "/home/juande/UGL/venv/lib/python3.14/site-packages/sqlalchemy/orm/mapper.py", line 4264, in _do_configure_registries
    raise e
sqlalchemy.exc.InvalidRequestError: One or more mappers failed to initialize - can't proceed with initialization of other mappers. Triggering mapper: 'Mapper[Match(match)]'. Original exception was: Error creating backref 'match' on relationship 'Match.goals': property of that name exists on mapper 'Mapper[Goal(goal)]'
2026-04-14 22:16:56,231 - backend.app.core - ERROR - Exception on /api/auth/me [GET]
Traceback (most recent call last):
  File "/home/juande/UGL/venv/lib/python3.14/site-packages/flask/app.py", line 917, in full_dispatch_request
    rv = self.dispatch_request()
  File "/home/juande/UGL/venv/lib/python3.14/site-packages/flask/app.py", line 902, in dispatch_request
    return self.ensure_sync(self.view_functions[rule.endpoint])(**view_args)  # type: ignore[no-any-return]
           ~~~~~~~~~~~~~~~~~~~~~~~~~~~~~~~~~~~~~~~~~~~~~~~~~~~~^^^^^^^^^^^^^
  File "/home/juande/UGL/frontend/app/routes/auth.py", line 36, in login
    abort(503)
    ~~~~~^^^^^
  File "/home/juande/UGL/venv/lib/python3.14/site-packages/flask/helpers.py", line 291, in abort
    current_app.aborter(code, *args, **kwargs)
    ~~~~~~~~~~~~~~~~~~~^^^^^^^^^^^^^^^^^^^^^^^
  File "/home/juande/UGL/venv/lib/python3.14/site-packages/werkzeug/exceptions.py", line 887, in __call__
    raise self.mapping[code](*args, **kwargs)
werkzeug.exceptions.ServiceUnavailable: 503 Service Unavailable: The server is temporarily unable to service your request due to maintenance downtime or capacity problems. Please try again later.

During handling of the above exception, another exception occurred:

Traceback (most recent call last):
  File "/home/juande/UGL/venv/lib/python3.14/site-packages/flask/app.py", line 917, in full_dispatch_request
    rv = self.dispatch_request()
  File "/home/juande/UGL/venv/lib/python3.14/site-packages/flask/app.py", line 902, in dispatch_request
    return self.ensure_sync(self.view_functions[rule.endpoint])(**view_args)  # type: ignore[no-any-return]
           ~~~~~~~~~~~~~~~~~~~~~~~~~~~~~~~~~~~~~~~~~~~~~~~~~~~~^^^^^^^^^^^^^
  File "/home/juande/UGL/venv/lib/python3.14/site-packages/flask_restx/api.py", line 404, in wrapper
    resp = resource(*args, **kwargs)
  File "/home/juande/UGL/venv/lib/python3.14/site-packages/flask/views.py", line 110, in view
    return current_app.ensure_sync(self.dispatch_request)(**kwargs)  # type: ignore[no-any-return]
           ~~~~~~~~~~~~~~~~~~~~~~~~~~~~~~~~~~~~~~~~~~~~~~^^^^^^^^^^
  File "/home/juande/UGL/venv/lib/python3.14/site-packages/flask_restx/resource.py", line 41, in dispatch_request
    resp = meth(*args, **kwargs)
  File "/home/juande/UGL/backend/app/routes/auth.py", line 64, in get
    user = User.query.get(int(user_id))
           ^^^^^^^^^^
  File "/home/juande/UGL/venv/lib/python3.14/site-packages/flask_sqlalchemy/model.py", line 22, in __get__
    return cls.query_class(
           ~~~~~~~~~~~~~~~^
        cls, session=cls.__fsa__.session()  # type: ignore[arg-type]
        ^^^^^^^^^^^^^^^^^^^^^^^^^^^^^^^^^^^^^^^^^^^^^^^^^^^^^^^^^^^^
    )
    ^
  File "/home/juande/UGL/venv/lib/python3.14/site-packages/sqlalchemy/orm/query.py", line 277, in __init__
    self._set_entities(entities)
    ~~~~~~~~~~~~~~~~~~^^^^^^^^^^
  File "/home/juande/UGL/venv/lib/python3.14/site-packages/sqlalchemy/orm/query.py", line 290, in _set_entities
    coercions.expect(
    ~~~~~~~~~~~~~~~~^
        roles.ColumnsClauseRole,
        ^^^^^^^^^^^^^^^^^^^^^^^^
    ...<2 lines>...
        post_inspect=True,
        ^^^^^^^^^^^^^^^^^^
    )
    ^
  File "/home/juande/UGL/venv/lib/python3.14/site-packages/sqlalchemy/sql/coercions.py", line 389, in expect
    insp._post_inspect
  File "/home/juande/UGL/venv/lib/python3.14/site-packages/sqlalchemy/util/langhelpers.py", line 1235, in __get__
    obj.__dict__[self.__name__] = result = self.fget(obj)
                                           ~~~~~~~~~^^^^^
  File "/home/juande/UGL/venv/lib/python3.14/site-packages/sqlalchemy/orm/mapper.py", line 2733, in _post_inspect
    self._check_configure()
    ~~~~~~~~~~~~~~~~~~~~~^^
  File "/home/juande/UGL/venv/lib/python3.14/site-packages/sqlalchemy/orm/mapper.py", line 2410, in _check_configure
    _configure_registries({self.registry}, cascade=True)
    ~~~~~~~~~~~~~~~~~~~~~^^^^^^^^^^^^^^^^^^^^^^^^^^^^^^^
  File "/home/juande/UGL/venv/lib/python3.14/site-packages/sqlalchemy/orm/mapper.py", line 4227, in _configure_registries
    _do_configure_registries(registries, cascade)
    ~~~~~~~~~~~~~~~~~~~~~~~~^^^^^^^^^^^^^^^^^^^^^
  File "/home/juande/UGL/venv/lib/python3.14/site-packages/sqlalchemy/orm/mapper.py", line 4264, in _do_configure_registries
    raise e
sqlalchemy.exc.InvalidRequestError: One or more mappers failed to initialize - can't proceed with initialization of other mappers. Triggering mapper: 'Mapper[Match(match)]'. Original exception was: Error creating backref 'match' on relationship 'Match.goals': property of that name exists on mapper 'Mapper[Goal(goal)]'
2026-04-15 01:03:55,675 - backend.app.core - ERROR - Exception on /api/matches/3 [GET]
Traceback (most recent call last):
  File "/home/juande/UGL/venv/lib/python3.14/site-packages/flask/app.py", line 917, in full_dispatch_request
    rv = self.dispatch_request()
  File "/home/juande/UGL/venv/lib/python3.14/site-packages/flask/app.py", line 902, in dispatch_request
    return self.ensure_sync(self.view_functions[rule.endpoint])(**view_args)  # type: ignore[no-any-return]
           ~~~~~~~~~~~~~~~~~~~~~~~~~~~~~~~~~~~~~~~~~~~~~~~~~~~~^^^^^^^^^^^^^
  File "/home/juande/UGL/venv/lib/python3.14/site-packages/flask_restx/api.py", line 404, in wrapper
    resp = resource(*args, **kwargs)
  File "/home/juande/UGL/venv/lib/python3.14/site-packages/flask/views.py", line 110, in view
    return current_app.ensure_sync(self.dispatch_request)(**kwargs)  # type: ignore[no-any-return]
           ~~~~~~~~~~~~~~~~~~~~~~~~~~~~~~~~~~~~~~~~~~~~~~^^^^^^^^^^
  File "/home/juande/UGL/venv/lib/python3.14/site-packages/flask_restx/resource.py", line 41, in dispatch_request
    resp = meth(*args, **kwargs)
  File "/home/juande/UGL/venv/lib/python3.14/site-packages/flask_jwt_extended/view_decorators.py", line 170, in decorator
    return current_app.ensure_sync(fn)(*args, **kwargs)
           ~~~~~~~~~~~~~~~~~~~~~~~~~~~^^^^^^^^^^^^^^^^^
  File "/home/juande/UGL/backend/app/routes/matches.py", line 207, in get
    "id": a.MatchAssignment.id,
          ^^^^^^^^^^^^^^^^^
AttributeError: 'MatchAssignment' object has no attribute 'MatchAssignment'
2026-04-15 01:07:39,237 - backend.app.core - ERROR - Exception on /api/auth/me [GET]
Traceback (most recent call last):
  File "/home/juande/UGL/venv/lib/python3.14/site-packages/flask/app.py", line 917, in full_dispatch_request
    rv = self.dispatch_request()
  File "/home/juande/UGL/venv/lib/python3.14/site-packages/flask/app.py", line 902, in dispatch_request
    return self.ensure_sync(self.view_functions[rule.endpoint])(**view_args)  # type: ignore[no-any-return]
           ~~~~~~~~~~~~~~~~~~~~~~~~~~~~~~~~~~~~~~~~~~~~~~~~~~~~^^^^^^^^^^^^^
  File "/home/juande/UGL/venv/lib/python3.14/site-packages/flask_restx/api.py", line 404, in wrapper
    resp = resource(*args, **kwargs)
  File "/home/juande/UGL/venv/lib/python3.14/site-packages/flask/views.py", line 110, in view
    return current_app.ensure_sync(self.dispatch_request)(**kwargs)  # type: ignore[no-any-return]
           ~~~~~~~~~~~~~~~~~~~~~~~~~~~~~~~~~~~~~~~~~~~~~~^^^^^^^^^^
  File "/home/juande/UGL/venv/lib/python3.14/site-packages/flask_restx/resource.py", line 41, in dispatch_request
    resp = meth(*args, **kwargs)
  File "/home/juande/UGL/backend/app/routes/auth.py", line 64, in get
    user = User.query.get(int(user_id))
           ^^^^^^^^^^
  File "/home/juande/UGL/venv/lib/python3.14/site-packages/flask_sqlalchemy/model.py", line 22, in __get__
    return cls.query_class(
           ~~~~~~~~~~~~~~~^
        cls, session=cls.__fsa__.session()  # type: ignore[arg-type]
        ^^^^^^^^^^^^^^^^^^^^^^^^^^^^^^^^^^^^^^^^^^^^^^^^^^^^^^^^^^^^
    )
    ^
  File "/home/juande/UGL/venv/lib/python3.14/site-packages/sqlalchemy/orm/query.py", line 277, in __init__
    self._set_entities(entities)
    ~~~~~~~~~~~~~~~~~~^^^^^^^^^^
  File "/home/juande/UGL/venv/lib/python3.14/site-packages/sqlalchemy/orm/query.py", line 290, in _set_entities
    coercions.expect(
    ~~~~~~~~~~~~~~~~^
        roles.ColumnsClauseRole,
        ^^^^^^^^^^^^^^^^^^^^^^^^
    ...<2 lines>...
        post_inspect=True,
        ^^^^^^^^^^^^^^^^^^
    )
    ^
  File "/home/juande/UGL/venv/lib/python3.14/site-packages/sqlalchemy/sql/coercions.py", line 389, in expect
    insp._post_inspect
  File "/home/juande/UGL/venv/lib/python3.14/site-packages/sqlalchemy/util/langhelpers.py", line 1235, in __get__
    obj.__dict__[self.__name__] = result = self.fget(obj)
                                           ~~~~~~~~~^^^^^
  File "/home/juande/UGL/venv/lib/python3.14/site-packages/sqlalchemy/orm/mapper.py", line 2733, in _post_inspect
    self._check_configure()
    ~~~~~~~~~~~~~~~~~~~~~^^
  File "/home/juande/UGL/venv/lib/python3.14/site-packages/sqlalchemy/orm/mapper.py", line 2410, in _check_configure
    _configure_registries({self.registry}, cascade=True)
    ~~~~~~~~~~~~~~~~~~~~~^^^^^^^^^^^^^^^^^^^^^^^^^^^^^^^
  File "/home/juande/UGL/venv/lib/python3.14/site-packages/sqlalchemy/orm/mapper.py", line 4227, in _configure_registries
    _do_configure_registries(registries, cascade)
    ~~~~~~~~~~~~~~~~~~~~~~~~^^^^^^^^^^^^^^^^^^^^^
  File "/home/juande/UGL/venv/lib/python3.14/site-packages/sqlalchemy/orm/mapper.py", line 4268, in _do_configure_registries
    mapper._post_configure_properties()
    ~~~~~~~~~~~~~~~~~~~~~~~~~~~~~~~~~^^
  File "/home/juande/UGL/venv/lib/python3.14/site-packages/sqlalchemy/orm/mapper.py", line 2427, in _post_configure_properties
    prop.init()
    ~~~~~~~~~^^
  File "/home/juande/UGL/venv/lib/python3.14/site-packages/sqlalchemy/orm/interfaces.py", line 595, in init
    self.do_init()
    ~~~~~~~~~~~~^^
  File "/home/juande/UGL/venv/lib/python3.14/site-packages/sqlalchemy/orm/relationships.py", line 1660, in do_init
    self._generate_backref()
    ~~~~~~~~~~~~~~~~~~~~~~^^
  File "/home/juande/UGL/venv/lib/python3.14/site-packages/sqlalchemy/orm/relationships.py", line 2086, in _generate_backref
    raise sa_exc.ArgumentError(
    ...<4 lines>...
    )
sqlalchemy.exc.ArgumentError: Error creating backref 'player' on relationship 'Player.assignments': property of that name exists on mapper 'Mapper[MatchAssignment(match_assignment)]'
2026-04-15 01:07:39,255 - backend.app.core - ERROR - Exception on /api/auth/me [GET]
Traceback (most recent call last):
  File "/home/juande/UGL/venv/lib/python3.14/site-packages/flask/app.py", line 917, in full_dispatch_request
    rv = self.dispatch_request()
  File "/home/juande/UGL/venv/lib/python3.14/site-packages/flask/app.py", line 902, in dispatch_request
    return self.ensure_sync(self.view_functions[rule.endpoint])(**view_args)  # type: ignore[no-any-return]
           ~~~~~~~~~~~~~~~~~~~~~~~~~~~~~~~~~~~~~~~~~~~~~~~~~~~~^^^^^^^^^^^^^
  File "/home/juande/UGL/venv/lib/python3.14/site-packages/flask_restx/api.py", line 404, in wrapper
    resp = resource(*args, **kwargs)
  File "/home/juande/UGL/venv/lib/python3.14/site-packages/flask/views.py", line 110, in view
    return current_app.ensure_sync(self.dispatch_request)(**kwargs)  # type: ignore[no-any-return]
           ~~~~~~~~~~~~~~~~~~~~~~~~~~~~~~~~~~~~~~~~~~~~~~^^^^^^^^^^
  File "/home/juande/UGL/venv/lib/python3.14/site-packages/flask_restx/resource.py", line 41, in dispatch_request
    resp = meth(*args, **kwargs)
  File "/home/juande/UGL/backend/app/routes/auth.py", line 64, in get
    user = User.query.get(int(user_id))
           ^^^^^^^^^^
  File "/home/juande/UGL/venv/lib/python3.14/site-packages/flask_sqlalchemy/model.py", line 22, in __get__
    return cls.query_class(
           ~~~~~~~~~~~~~~~^
        cls, session=cls.__fsa__.session()  # type: ignore[arg-type]
        ^^^^^^^^^^^^^^^^^^^^^^^^^^^^^^^^^^^^^^^^^^^^^^^^^^^^^^^^^^^^
    )
    ^
  File "/home/juande/UGL/venv/lib/python3.14/site-packages/sqlalchemy/orm/query.py", line 277, in __init__
    self._set_entities(entities)
    ~~~~~~~~~~~~~~~~~~^^^^^^^^^^
  File "/home/juande/UGL/venv/lib/python3.14/site-packages/sqlalchemy/orm/query.py", line 290, in _set_entities
    coercions.expect(
    ~~~~~~~~~~~~~~~~^
        roles.ColumnsClauseRole,
        ^^^^^^^^^^^^^^^^^^^^^^^^
    ...<2 lines>...
        post_inspect=True,
        ^^^^^^^^^^^^^^^^^^
    )
    ^
  File "/home/juande/UGL/venv/lib/python3.14/site-packages/sqlalchemy/sql/coercions.py", line 389, in expect
    insp._post_inspect
  File "/home/juande/UGL/venv/lib/python3.14/site-packages/sqlalchemy/util/langhelpers.py", line 1235, in __get__
    obj.__dict__[self.__name__] = result = self.fget(obj)
                                           ~~~~~~~~~^^^^^
  File "/home/juande/UGL/venv/lib/python3.14/site-packages/sqlalchemy/orm/mapper.py", line 2733, in _post_inspect
    self._check_configure()
    ~~~~~~~~~~~~~~~~~~~~~^^
  File "/home/juande/UGL/venv/lib/python3.14/site-packages/sqlalchemy/orm/mapper.py", line 2410, in _check_configure
    _configure_registries({self.registry}, cascade=True)
    ~~~~~~~~~~~~~~~~~~~~~^^^^^^^^^^^^^^^^^^^^^^^^^^^^^^^
  File "/home/juande/UGL/venv/lib/python3.14/site-packages/sqlalchemy/orm/mapper.py", line 4227, in _configure_registries
    _do_configure_registries(registries, cascade)
    ~~~~~~~~~~~~~~~~~~~~~~~~^^^^^^^^^^^^^^^^^^^^^
  File "/home/juande/UGL/venv/lib/python3.14/site-packages/sqlalchemy/orm/mapper.py", line 4264, in _do_configure_registries
    raise e
sqlalchemy.exc.InvalidRequestError: One or more mappers failed to initialize - can't proceed with initialization of other mappers. Triggering mapper: 'Mapper[Player(player)]'. Original exception was: Error creating backref 'player' on relationship 'Player.assignments': property of that name exists on mapper 'Mapper[MatchAssignment(match_assignment)]'
2026-04-15 01:07:39,275 - backend.app.core - ERROR - Exception on /api/auth/me [GET]
Traceback (most recent call last):
  File "/home/juande/UGL/venv/lib/python3.14/site-packages/flask/app.py", line 917, in full_dispatch_request
    rv = self.dispatch_request()
  File "/home/juande/UGL/venv/lib/python3.14/site-packages/flask/app.py", line 902, in dispatch_request
    return self.ensure_sync(self.view_functions[rule.endpoint])(**view_args)  # type: ignore[no-any-return]
           ~~~~~~~~~~~~~~~~~~~~~~~~~~~~~~~~~~~~~~~~~~~~~~~~~~~~^^^^^^^^^^^^^
  File "/home/juande/UGL/venv/lib/python3.14/site-packages/flask_restx/api.py", line 404, in wrapper
    resp = resource(*args, **kwargs)
  File "/home/juande/UGL/venv/lib/python3.14/site-packages/flask/views.py", line 110, in view
    return current_app.ensure_sync(self.dispatch_request)(**kwargs)  # type: ignore[no-any-return]
           ~~~~~~~~~~~~~~~~~~~~~~~~~~~~~~~~~~~~~~~~~~~~~~^^^^^^^^^^
  File "/home/juande/UGL/venv/lib/python3.14/site-packages/flask_restx/resource.py", line 41, in dispatch_request
    resp = meth(*args, **kwargs)
  File "/home/juande/UGL/backend/app/routes/auth.py", line 64, in get
    user = User.query.get(int(user_id))
           ^^^^^^^^^^
  File "/home/juande/UGL/venv/lib/python3.14/site-packages/flask_sqlalchemy/model.py", line 22, in __get__
    return cls.query_class(
           ~~~~~~~~~~~~~~~^
        cls, session=cls.__fsa__.session()  # type: ignore[arg-type]
        ^^^^^^^^^^^^^^^^^^^^^^^^^^^^^^^^^^^^^^^^^^^^^^^^^^^^^^^^^^^^
    )
    ^
  File "/home/juande/UGL/venv/lib/python3.14/site-packages/sqlalchemy/orm/query.py", line 277, in __init__
    self._set_entities(entities)
    ~~~~~~~~~~~~~~~~~~^^^^^^^^^^
  File "/home/juande/UGL/venv/lib/python3.14/site-packages/sqlalchemy/orm/query.py", line 290, in _set_entities
    coercions.expect(
    ~~~~~~~~~~~~~~~~^
        roles.ColumnsClauseRole,
        ^^^^^^^^^^^^^^^^^^^^^^^^
    ...<2 lines>...
        post_inspect=True,
        ^^^^^^^^^^^^^^^^^^
    )
    ^
  File "/home/juande/UGL/venv/lib/python3.14/site-packages/sqlalchemy/sql/coercions.py", line 389, in expect
    insp._post_inspect
  File "/home/juande/UGL/venv/lib/python3.14/site-packages/sqlalchemy/util/langhelpers.py", line 1235, in __get__
    obj.__dict__[self.__name__] = result = self.fget(obj)
                                           ~~~~~~~~~^^^^^
  File "/home/juande/UGL/venv/lib/python3.14/site-packages/sqlalchemy/orm/mapper.py", line 2733, in _post_inspect
    self._check_configure()
    ~~~~~~~~~~~~~~~~~~~~~^^
  File "/home/juande/UGL/venv/lib/python3.14/site-packages/sqlalchemy/orm/mapper.py", line 2410, in _check_configure
    _configure_registries({self.registry}, cascade=True)
    ~~~~~~~~~~~~~~~~~~~~~^^^^^^^^^^^^^^^^^^^^^^^^^^^^^^^
  File "/home/juande/UGL/venv/lib/python3.14/site-packages/sqlalchemy/orm/mapper.py", line 4227, in _configure_registries
    _do_configure_registries(registries, cascade)
    ~~~~~~~~~~~~~~~~~~~~~~~~^^^^^^^^^^^^^^^^^^^^^
  File "/home/juande/UGL/venv/lib/python3.14/site-packages/sqlalchemy/orm/mapper.py", line 4264, in _do_configure_registries
    raise e
sqlalchemy.exc.InvalidRequestError: One or more mappers failed to initialize - can't proceed with initialization of other mappers. Triggering mapper: 'Mapper[Player(player)]'. Original exception was: Error creating backref 'player' on relationship 'Player.assignments': property of that name exists on mapper 'Mapper[MatchAssignment(match_assignment)]'
2026-04-15 01:07:39,279 - backend.app.core - ERROR - Exception on /api/auth/me [GET]
Traceback (most recent call last):
  File "/home/juande/UGL/venv/lib/python3.14/site-packages/flask/app.py", line 917, in full_dispatch_request
    rv = self.dispatch_request()
  File "/home/juande/UGL/venv/lib/python3.14/site-packages/flask/app.py", line 902, in dispatch_request
    return self.ensure_sync(self.view_functions[rule.endpoint])(**view_args)  # type: ignore[no-any-return]
           ~~~~~~~~~~~~~~~~~~~~~~~~~~~~~~~~~~~~~~~~~~~~~~~~~~~~^^^^^^^^^^^^^
  File "/home/juande/UGL/venv/lib/python3.14/site-packages/flask_restx/api.py", line 404, in wrapper
    resp = resource(*args, **kwargs)
  File "/home/juande/UGL/venv/lib/python3.14/site-packages/flask/views.py", line 110, in view
    return current_app.ensure_sync(self.dispatch_request)(**kwargs)  # type: ignore[no-any-return]
           ~~~~~~~~~~~~~~~~~~~~~~~~~~~~~~~~~~~~~~~~~~~~~~^^^^^^^^^^
  File "/home/juande/UGL/venv/lib/python3.14/site-packages/flask_restx/resource.py", line 41, in dispatch_request
    resp = meth(*args, **kwargs)
  File "/home/juande/UGL/backend/app/routes/auth.py", line 64, in get
    user = User.query.get(int(user_id))
           ^^^^^^^^^^
  File "/home/juande/UGL/venv/lib/python3.14/site-packages/flask_sqlalchemy/model.py", line 22, in __get__
    return cls.query_class(
           ~~~~~~~~~~~~~~~^
        cls, session=cls.__fsa__.session()  # type: ignore[arg-type]
        ^^^^^^^^^^^^^^^^^^^^^^^^^^^^^^^^^^^^^^^^^^^^^^^^^^^^^^^^^^^^
    )
    ^
  File "/home/juande/UGL/venv/lib/python3.14/site-packages/sqlalchemy/orm/query.py", line 277, in __init__
    self._set_entities(entities)
    ~~~~~~~~~~~~~~~~~~^^^^^^^^^^
  File "/home/juande/UGL/venv/lib/python3.14/site-packages/sqlalchemy/orm/query.py", line 290, in _set_entities
    coercions.expect(
    ~~~~~~~~~~~~~~~~^
        roles.ColumnsClauseRole,
        ^^^^^^^^^^^^^^^^^^^^^^^^
    ...<2 lines>...
        post_inspect=True,
        ^^^^^^^^^^^^^^^^^^
    )
    ^
  File "/home/juande/UGL/venv/lib/python3.14/site-packages/sqlalchemy/sql/coercions.py", line 389, in expect
    insp._post_inspect
  File "/home/juande/UGL/venv/lib/python3.14/site-packages/sqlalchemy/util/langhelpers.py", line 1235, in __get__
    obj.__dict__[self.__name__] = result = self.fget(obj)
                                           ~~~~~~~~~^^^^^
  File "/home/juande/UGL/venv/lib/python3.14/site-packages/sqlalchemy/orm/mapper.py", line 2733, in _post_inspect
    self._check_configure()
    ~~~~~~~~~~~~~~~~~~~~~^^
  File "/home/juande/UGL/venv/lib/python3.14/site-packages/sqlalchemy/orm/mapper.py", line 2410, in _check_configure
    _configure_registries({self.registry}, cascade=True)
    ~~~~~~~~~~~~~~~~~~~~~^^^^^^^^^^^^^^^^^^^^^^^^^^^^^^^
  File "/home/juande/UGL/venv/lib/python3.14/site-packages/sqlalchemy/orm/mapper.py", line 4227, in _configure_registries
    _do_configure_registries(registries, cascade)
    ~~~~~~~~~~~~~~~~~~~~~~~~^^^^^^^^^^^^^^^^^^^^^
  File "/home/juande/UGL/venv/lib/python3.14/site-packages/sqlalchemy/orm/mapper.py", line 4264, in _do_configure_registries
    raise e
sqlalchemy.exc.InvalidRequestError: One or more mappers failed to initialize - can't proceed with initialization of other mappers. Triggering mapper: 'Mapper[Player(player)]'. Original exception was: Error creating backref 'player' on relationship 'Player.assignments': property of that name exists on mapper 'Mapper[MatchAssignment(match_assignment)]'
2026-04-15 01:07:48,760 - backend.app.core - ERROR - Exception on /api/auth/login [POST]
Traceback (most recent call last):
  File "/home/juande/UGL/venv/lib/python3.14/site-packages/flask/app.py", line 917, in full_dispatch_request
    rv = self.dispatch_request()
  File "/home/juande/UGL/venv/lib/python3.14/site-packages/flask/app.py", line 902, in dispatch_request
    return self.ensure_sync(self.view_functions[rule.endpoint])(**view_args)  # type: ignore[no-any-return]
           ~~~~~~~~~~~~~~~~~~~~~~~~~~~~~~~~~~~~~~~~~~~~~~~~~~~~^^^^^^^^^^^^^
  File "/home/juande/UGL/venv/lib/python3.14/site-packages/flask_restx/api.py", line 404, in wrapper
    resp = resource(*args, **kwargs)
  File "/home/juande/UGL/venv/lib/python3.14/site-packages/flask/views.py", line 110, in view
    return current_app.ensure_sync(self.dispatch_request)(**kwargs)  # type: ignore[no-any-return]
           ~~~~~~~~~~~~~~~~~~~~~~~~~~~~~~~~~~~~~~~~~~~~~~^^^^^^^^^^
  File "/home/juande/UGL/venv/lib/python3.14/site-packages/flask_restx/resource.py", line 41, in dispatch_request
    resp = meth(*args, **kwargs)
  File "/home/juande/UGL/backend/app/routes/auth.py", line 36, in post
    user = User.query.filter_by(email=email).first()
           ^^^^^^^^^^
  File "/home/juande/UGL/venv/lib/python3.14/site-packages/flask_sqlalchemy/model.py", line 22, in __get__
    return cls.query_class(
           ~~~~~~~~~~~~~~~^
        cls, session=cls.__fsa__.session()  # type: ignore[arg-type]
        ^^^^^^^^^^^^^^^^^^^^^^^^^^^^^^^^^^^^^^^^^^^^^^^^^^^^^^^^^^^^
    )
    ^
  File "/home/juande/UGL/venv/lib/python3.14/site-packages/sqlalchemy/orm/query.py", line 277, in __init__
    self._set_entities(entities)
    ~~~~~~~~~~~~~~~~~~^^^^^^^^^^
  File "/home/juande/UGL/venv/lib/python3.14/site-packages/sqlalchemy/orm/query.py", line 290, in _set_entities
    coercions.expect(
    ~~~~~~~~~~~~~~~~^
        roles.ColumnsClauseRole,
        ^^^^^^^^^^^^^^^^^^^^^^^^
    ...<2 lines>...
        post_inspect=True,
        ^^^^^^^^^^^^^^^^^^
    )
    ^
  File "/home/juande/UGL/venv/lib/python3.14/site-packages/sqlalchemy/sql/coercions.py", line 389, in expect
    insp._post_inspect
  File "/home/juande/UGL/venv/lib/python3.14/site-packages/sqlalchemy/util/langhelpers.py", line 1235, in __get__
    obj.__dict__[self.__name__] = result = self.fget(obj)
                                           ~~~~~~~~~^^^^^
  File "/home/juande/UGL/venv/lib/python3.14/site-packages/sqlalchemy/orm/mapper.py", line 2733, in _post_inspect
    self._check_configure()
    ~~~~~~~~~~~~~~~~~~~~~^^
  File "/home/juande/UGL/venv/lib/python3.14/site-packages/sqlalchemy/orm/mapper.py", line 2410, in _check_configure
    _configure_registries({self.registry}, cascade=True)
    ~~~~~~~~~~~~~~~~~~~~~^^^^^^^^^^^^^^^^^^^^^^^^^^^^^^^
  File "/home/juande/UGL/venv/lib/python3.14/site-packages/sqlalchemy/orm/mapper.py", line 4227, in _configure_registries
    _do_configure_registries(registries, cascade)
    ~~~~~~~~~~~~~~~~~~~~~~~~^^^^^^^^^^^^^^^^^^^^^
  File "/home/juande/UGL/venv/lib/python3.14/site-packages/sqlalchemy/orm/mapper.py", line 4264, in _do_configure_registries
    raise e
sqlalchemy.exc.InvalidRequestError: One or more mappers failed to initialize - can't proceed with initialization of other mappers. Triggering mapper: 'Mapper[Player(player)]'. Original exception was: Error creating backref 'player' on relationship 'Player.assignments': property of that name exists on mapper 'Mapper[MatchAssignment(match_assignment)]'
2026-04-15 01:07:48,771 - backend.app.core - ERROR - Exception on /api/auth/me [GET]
Traceback (most recent call last):
  File "/home/juande/UGL/venv/lib/python3.14/site-packages/flask/app.py", line 917, in full_dispatch_request
    rv = self.dispatch_request()
  File "/home/juande/UGL/venv/lib/python3.14/site-packages/flask/app.py", line 902, in dispatch_request
    return self.ensure_sync(self.view_functions[rule.endpoint])(**view_args)  # type: ignore[no-any-return]
           ~~~~~~~~~~~~~~~~~~~~~~~~~~~~~~~~~~~~~~~~~~~~~~~~~~~~^^^^^^^^^^^^^
  File "/home/juande/UGL/frontend/app/routes/auth.py", line 36, in login
    abort(503)
    ~~~~~^^^^^
  File "/home/juande/UGL/venv/lib/python3.14/site-packages/flask/helpers.py", line 291, in abort
    current_app.aborter(code, *args, **kwargs)
    ~~~~~~~~~~~~~~~~~~~^^^^^^^^^^^^^^^^^^^^^^^
  File "/home/juande/UGL/venv/lib/python3.14/site-packages/werkzeug/exceptions.py", line 887, in __call__
    raise self.mapping[code](*args, **kwargs)
werkzeug.exceptions.ServiceUnavailable: 503 Service Unavailable: The server is temporarily unable to service your request due to maintenance downtime or capacity problems. Please try again later.

During handling of the above exception, another exception occurred:

Traceback (most recent call last):
  File "/home/juande/UGL/venv/lib/python3.14/site-packages/flask/app.py", line 917, in full_dispatch_request
    rv = self.dispatch_request()
  File "/home/juande/UGL/venv/lib/python3.14/site-packages/flask/app.py", line 902, in dispatch_request
    return self.ensure_sync(self.view_functions[rule.endpoint])(**view_args)  # type: ignore[no-any-return]
           ~~~~~~~~~~~~~~~~~~~~~~~~~~~~~~~~~~~~~~~~~~~~~~~~~~~~^^^^^^^^^^^^^
  File "/home/juande/UGL/venv/lib/python3.14/site-packages/flask_restx/api.py", line 404, in wrapper
    resp = resource(*args, **kwargs)
  File "/home/juande/UGL/venv/lib/python3.14/site-packages/flask/views.py", line 110, in view
    return current_app.ensure_sync(self.dispatch_request)(**kwargs)  # type: ignore[no-any-return]
           ~~~~~~~~~~~~~~~~~~~~~~~~~~~~~~~~~~~~~~~~~~~~~~^^^^^^^^^^
  File "/home/juande/UGL/venv/lib/python3.14/site-packages/flask_restx/resource.py", line 41, in dispatch_request
    resp = meth(*args, **kwargs)
  File "/home/juande/UGL/backend/app/routes/auth.py", line 64, in get
    user = User.query.get(int(user_id))
           ^^^^^^^^^^
  File "/home/juande/UGL/venv/lib/python3.14/site-packages/flask_sqlalchemy/model.py", line 22, in __get__
    return cls.query_class(
           ~~~~~~~~~~~~~~~^
        cls, session=cls.__fsa__.session()  # type: ignore[arg-type]
        ^^^^^^^^^^^^^^^^^^^^^^^^^^^^^^^^^^^^^^^^^^^^^^^^^^^^^^^^^^^^
    )
    ^
  File "/home/juande/UGL/venv/lib/python3.14/site-packages/sqlalchemy/orm/query.py", line 277, in __init__
    self._set_entities(entities)
    ~~~~~~~~~~~~~~~~~~^^^^^^^^^^
  File "/home/juande/UGL/venv/lib/python3.14/site-packages/sqlalchemy/orm/query.py", line 290, in _set_entities
    coercions.expect(
    ~~~~~~~~~~~~~~~~^
        roles.ColumnsClauseRole,
        ^^^^^^^^^^^^^^^^^^^^^^^^
    ...<2 lines>...
        post_inspect=True,
        ^^^^^^^^^^^^^^^^^^
    )
    ^
  File "/home/juande/UGL/venv/lib/python3.14/site-packages/sqlalchemy/sql/coercions.py", line 389, in expect
    insp._post_inspect
  File "/home/juande/UGL/venv/lib/python3.14/site-packages/sqlalchemy/util/langhelpers.py", line 1235, in __get__
    obj.__dict__[self.__name__] = result = self.fget(obj)
                                           ~~~~~~~~~^^^^^
  File "/home/juande/UGL/venv/lib/python3.14/site-packages/sqlalchemy/orm/mapper.py", line 2733, in _post_inspect
    self._check_configure()
    ~~~~~~~~~~~~~~~~~~~~~^^
  File "/home/juande/UGL/venv/lib/python3.14/site-packages/sqlalchemy/orm/mapper.py", line 2410, in _check_configure
    _configure_registries({self.registry}, cascade=True)
    ~~~~~~~~~~~~~~~~~~~~~^^^^^^^^^^^^^^^^^^^^^^^^^^^^^^^
  File "/home/juande/UGL/venv/lib/python3.14/site-packages/sqlalchemy/orm/mapper.py", line 4227, in _configure_registries
    _do_configure_registries(registries, cascade)
    ~~~~~~~~~~~~~~~~~~~~~~~~^^^^^^^^^^^^^^^^^^^^^
  File "/home/juande/UGL/venv/lib/python3.14/site-packages/sqlalchemy/orm/mapper.py", line 4264, in _do_configure_registries
    raise e
sqlalchemy.exc.InvalidRequestError: One or more mappers failed to initialize - can't proceed with initialization of other mappers. Triggering mapper: 'Mapper[Player(player)]'. Original exception was: Error creating backref 'player' on relationship 'Player.assignments': property of that name exists on mapper 'Mapper[MatchAssignment(match_assignment)]'
2026-04-15 01:07:48,781 - backend.app.core - ERROR - Exception on /api/auth/me [GET]
Traceback (most recent call last):
  File "/home/juande/UGL/venv/lib/python3.14/site-packages/flask/app.py", line 917, in full_dispatch_request
    rv = self.dispatch_request()
  File "/home/juande/UGL/venv/lib/python3.14/site-packages/flask/app.py", line 902, in dispatch_request
    return self.ensure_sync(self.view_functions[rule.endpoint])(**view_args)  # type: ignore[no-any-return]
           ~~~~~~~~~~~~~~~~~~~~~~~~~~~~~~~~~~~~~~~~~~~~~~~~~~~~^^^^^^^^^^^^^
  File "/home/juande/UGL/frontend/app/routes/auth.py", line 36, in login
    abort(503)
    ~~~~~^^^^^
  File "/home/juande/UGL/venv/lib/python3.14/site-packages/flask/helpers.py", line 291, in abort
    current_app.aborter(code, *args, **kwargs)
    ~~~~~~~~~~~~~~~~~~~^^^^^^^^^^^^^^^^^^^^^^^
  File "/home/juande/UGL/venv/lib/python3.14/site-packages/werkzeug/exceptions.py", line 887, in __call__
    raise self.mapping[code](*args, **kwargs)
werkzeug.exceptions.ServiceUnavailable: 503 Service Unavailable: The server is temporarily unable to service your request due to maintenance downtime or capacity problems. Please try again later.

During handling of the above exception, another exception occurred:

Traceback (most recent call last):
  File "/home/juande/UGL/venv/lib/python3.14/site-packages/flask/app.py", line 917, in full_dispatch_request
    rv = self.dispatch_request()
  File "/home/juande/UGL/venv/lib/python3.14/site-packages/flask/app.py", line 902, in dispatch_request
    return self.ensure_sync(self.view_functions[rule.endpoint])(**view_args)  # type: ignore[no-any-return]
           ~~~~~~~~~~~~~~~~~~~~~~~~~~~~~~~~~~~~~~~~~~~~~~~~~~~~^^^^^^^^^^^^^
  File "/home/juande/UGL/venv/lib/python3.14/site-packages/flask_restx/api.py", line 404, in wrapper
    resp = resource(*args, **kwargs)
  File "/home/juande/UGL/venv/lib/python3.14/site-packages/flask/views.py", line 110, in view
    return current_app.ensure_sync(self.dispatch_request)(**kwargs)  # type: ignore[no-any-return]
           ~~~~~~~~~~~~~~~~~~~~~~~~~~~~~~~~~~~~~~~~~~~~~~^^^^^^^^^^
  File "/home/juande/UGL/venv/lib/python3.14/site-packages/flask_restx/resource.py", line 41, in dispatch_request
    resp = meth(*args, **kwargs)
  File "/home/juande/UGL/backend/app/routes/auth.py", line 64, in get
    user = User.query.get(int(user_id))
           ^^^^^^^^^^
  File "/home/juande/UGL/venv/lib/python3.14/site-packages/flask_sqlalchemy/model.py", line 22, in __get__
    return cls.query_class(
           ~~~~~~~~~~~~~~~^
        cls, session=cls.__fsa__.session()  # type: ignore[arg-type]
        ^^^^^^^^^^^^^^^^^^^^^^^^^^^^^^^^^^^^^^^^^^^^^^^^^^^^^^^^^^^^
    )
    ^
  File "/home/juande/UGL/venv/lib/python3.14/site-packages/sqlalchemy/orm/query.py", line 277, in __init__
    self._set_entities(entities)
    ~~~~~~~~~~~~~~~~~~^^^^^^^^^^
  File "/home/juande/UGL/venv/lib/python3.14/site-packages/sqlalchemy/orm/query.py", line 290, in _set_entities
    coercions.expect(
    ~~~~~~~~~~~~~~~~^
        roles.ColumnsClauseRole,
        ^^^^^^^^^^^^^^^^^^^^^^^^
    ...<2 lines>...
        post_inspect=True,
        ^^^^^^^^^^^^^^^^^^
    )
    ^
  File "/home/juande/UGL/venv/lib/python3.14/site-packages/sqlalchemy/sql/coercions.py", line 389, in expect
    insp._post_inspect
  File "/home/juande/UGL/venv/lib/python3.14/site-packages/sqlalchemy/util/langhelpers.py", line 1235, in __get__
    obj.__dict__[self.__name__] = result = self.fget(obj)
                                           ~~~~~~~~~^^^^^
  File "/home/juande/UGL/venv/lib/python3.14/site-packages/sqlalchemy/orm/mapper.py", line 2733, in _post_inspect
    self._check_configure()
    ~~~~~~~~~~~~~~~~~~~~~^^
  File "/home/juande/UGL/venv/lib/python3.14/site-packages/sqlalchemy/orm/mapper.py", line 2410, in _check_configure
    _configure_registries({self.registry}, cascade=True)
    ~~~~~~~~~~~~~~~~~~~~~^^^^^^^^^^^^^^^^^^^^^^^^^^^^^^^
  File "/home/juande/UGL/venv/lib/python3.14/site-packages/sqlalchemy/orm/mapper.py", line 4227, in _configure_registries
    _do_configure_registries(registries, cascade)
    ~~~~~~~~~~~~~~~~~~~~~~~~^^^^^^^^^^^^^^^^^^^^^
  File "/home/juande/UGL/venv/lib/python3.14/site-packages/sqlalchemy/orm/mapper.py", line 4264, in _do_configure_registries
    raise e
sqlalchemy.exc.InvalidRequestError: One or more mappers failed to initialize - can't proceed with initialization of other mappers. Triggering mapper: 'Mapper[Player(player)]'. Original exception was: Error creating backref 'player' on relationship 'Player.assignments': property of that name exists on mapper 'Mapper[MatchAssignment(match_assignment)]'
2026-04-15 01:07:50,460 - backend.app.core - ERROR - Exception on /api/auth/me [GET]
Traceback (most recent call last):
  File "/home/juande/UGL/venv/lib/python3.14/site-packages/flask/app.py", line 917, in full_dispatch_request
    rv = self.dispatch_request()
  File "/home/juande/UGL/venv/lib/python3.14/site-packages/flask/app.py", line 902, in dispatch_request
    return self.ensure_sync(self.view_functions[rule.endpoint])(**view_args)  # type: ignore[no-any-return]
           ~~~~~~~~~~~~~~~~~~~~~~~~~~~~~~~~~~~~~~~~~~~~~~~~~~~~^^^^^^^^^^^^^
  File "/home/juande/UGL/venv/lib/python3.14/site-packages/flask_restx/api.py", line 404, in wrapper
    resp = resource(*args, **kwargs)
  File "/home/juande/UGL/venv/lib/python3.14/site-packages/flask/views.py", line 110, in view
    return current_app.ensure_sync(self.dispatch_request)(**kwargs)  # type: ignore[no-any-return]
           ~~~~~~~~~~~~~~~~~~~~~~~~~~~~~~~~~~~~~~~~~~~~~~^^^^^^^^^^
  File "/home/juande/UGL/venv/lib/python3.14/site-packages/flask_restx/resource.py", line 41, in dispatch_request
    resp = meth(*args, **kwargs)
  File "/home/juande/UGL/backend/app/routes/auth.py", line 64, in get
    user = User.query.get(int(user_id))
           ^^^^^^^^^^
  File "/home/juande/UGL/venv/lib/python3.14/site-packages/flask_sqlalchemy/model.py", line 22, in __get__
    return cls.query_class(
           ~~~~~~~~~~~~~~~^
        cls, session=cls.__fsa__.session()  # type: ignore[arg-type]
        ^^^^^^^^^^^^^^^^^^^^^^^^^^^^^^^^^^^^^^^^^^^^^^^^^^^^^^^^^^^^
    )
    ^
  File "/home/juande/UGL/venv/lib/python3.14/site-packages/sqlalchemy/orm/query.py", line 277, in __init__
    self._set_entities(entities)
    ~~~~~~~~~~~~~~~~~~^^^^^^^^^^
  File "/home/juande/UGL/venv/lib/python3.14/site-packages/sqlalchemy/orm/query.py", line 290, in _set_entities
    coercions.expect(
    ~~~~~~~~~~~~~~~~^
        roles.ColumnsClauseRole,
        ^^^^^^^^^^^^^^^^^^^^^^^^
    ...<2 lines>...
        post_inspect=True,
        ^^^^^^^^^^^^^^^^^^
    )
    ^
  File "/home/juande/UGL/venv/lib/python3.14/site-packages/sqlalchemy/sql/coercions.py", line 389, in expect
    insp._post_inspect
  File "/home/juande/UGL/venv/lib/python3.14/site-packages/sqlalchemy/util/langhelpers.py", line 1235, in __get__
    obj.__dict__[self.__name__] = result = self.fget(obj)
                                           ~~~~~~~~~^^^^^
  File "/home/juande/UGL/venv/lib/python3.14/site-packages/sqlalchemy/orm/mapper.py", line 2733, in _post_inspect
    self._check_configure()
    ~~~~~~~~~~~~~~~~~~~~~^^
  File "/home/juande/UGL/venv/lib/python3.14/site-packages/sqlalchemy/orm/mapper.py", line 2410, in _check_configure
    _configure_registries({self.registry}, cascade=True)
    ~~~~~~~~~~~~~~~~~~~~~^^^^^^^^^^^^^^^^^^^^^^^^^^^^^^^
  File "/home/juande/UGL/venv/lib/python3.14/site-packages/sqlalchemy/orm/mapper.py", line 4227, in _configure_registries
    _do_configure_registries(registries, cascade)
    ~~~~~~~~~~~~~~~~~~~~~~~~^^^^^^^^^^^^^^^^^^^^^
  File "/home/juande/UGL/venv/lib/python3.14/site-packages/sqlalchemy/orm/mapper.py", line 4264, in _do_configure_registries
    raise e
sqlalchemy.exc.InvalidRequestError: One or more mappers failed to initialize - can't proceed with initialization of other mappers. Triggering mapper: 'Mapper[Player(player)]'. Original exception was: Error creating backref 'player' on relationship 'Player.assignments': property of that name exists on mapper 'Mapper[MatchAssignment(match_assignment)]'
2026-04-15 01:07:50,470 - backend.app.core - ERROR - Exception on /api/auth/me [GET]
Traceback (most recent call last):
  File "/home/juande/UGL/venv/lib/python3.14/site-packages/flask/app.py", line 917, in full_dispatch_request
    rv = self.dispatch_request()
  File "/home/juande/UGL/venv/lib/python3.14/site-packages/flask/app.py", line 902, in dispatch_request
    return self.ensure_sync(self.view_functions[rule.endpoint])(**view_args)  # type: ignore[no-any-return]
           ~~~~~~~~~~~~~~~~~~~~~~~~~~~~~~~~~~~~~~~~~~~~~~~~~~~~^^^^^^^^^^^^^
  File "/home/juande/UGL/venv/lib/python3.14/site-packages/flask_restx/api.py", line 404, in wrapper
    resp = resource(*args, **kwargs)
  File "/home/juande/UGL/venv/lib/python3.14/site-packages/flask/views.py", line 110, in view
    return current_app.ensure_sync(self.dispatch_request)(**kwargs)  # type: ignore[no-any-return]
           ~~~~~~~~~~~~~~~~~~~~~~~~~~~~~~~~~~~~~~~~~~~~~~^^^^^^^^^^
  File "/home/juande/UGL/venv/lib/python3.14/site-packages/flask_restx/resource.py", line 41, in dispatch_request
    resp = meth(*args, **kwargs)
  File "/home/juande/UGL/backend/app/routes/auth.py", line 64, in get
    user = User.query.get(int(user_id))
           ^^^^^^^^^^
  File "/home/juande/UGL/venv/lib/python3.14/site-packages/flask_sqlalchemy/model.py", line 22, in __get__
    return cls.query_class(
           ~~~~~~~~~~~~~~~^
        cls, session=cls.__fsa__.session()  # type: ignore[arg-type]
        ^^^^^^^^^^^^^^^^^^^^^^^^^^^^^^^^^^^^^^^^^^^^^^^^^^^^^^^^^^^^
    )
    ^
  File "/home/juande/UGL/venv/lib/python3.14/site-packages/sqlalchemy/orm/query.py", line 277, in __init__
    self._set_entities(entities)
    ~~~~~~~~~~~~~~~~~~^^^^^^^^^^
  File "/home/juande/UGL/venv/lib/python3.14/site-packages/sqlalchemy/orm/query.py", line 290, in _set_entities
    coercions.expect(
    ~~~~~~~~~~~~~~~~^
        roles.ColumnsClauseRole,
        ^^^^^^^^^^^^^^^^^^^^^^^^
    ...<2 lines>...
        post_inspect=True,
        ^^^^^^^^^^^^^^^^^^
    )
    ^
  File "/home/juande/UGL/venv/lib/python3.14/site-packages/sqlalchemy/sql/coercions.py", line 389, in expect
    insp._post_inspect
  File "/home/juande/UGL/venv/lib/python3.14/site-packages/sqlalchemy/util/langhelpers.py", line 1235, in __get__
    obj.__dict__[self.__name__] = result = self.fget(obj)
                                           ~~~~~~~~~^^^^^
  File "/home/juande/UGL/venv/lib/python3.14/site-packages/sqlalchemy/orm/mapper.py", line 2733, in _post_inspect
    self._check_configure()
    ~~~~~~~~~~~~~~~~~~~~~^^
  File "/home/juande/UGL/venv/lib/python3.14/site-packages/sqlalchemy/orm/mapper.py", line 2410, in _check_configure
    _configure_registries({self.registry}, cascade=True)
    ~~~~~~~~~~~~~~~~~~~~~^^^^^^^^^^^^^^^^^^^^^^^^^^^^^^^
  File "/home/juande/UGL/venv/lib/python3.14/site-packages/sqlalchemy/orm/mapper.py", line 4227, in _configure_registries
    _do_configure_registries(registries, cascade)
    ~~~~~~~~~~~~~~~~~~~~~~~~^^^^^^^^^^^^^^^^^^^^^
  File "/home/juande/UGL/venv/lib/python3.14/site-packages/sqlalchemy/orm/mapper.py", line 4264, in _do_configure_registries
    raise e
sqlalchemy.exc.InvalidRequestError: One or more mappers failed to initialize - can't proceed with initialization of other mappers. Triggering mapper: 'Mapper[Player(player)]'. Original exception was: Error creating backref 'player' on relationship 'Player.assignments': property of that name exists on mapper 'Mapper[MatchAssignment(match_assignment)]'
2026-04-15 01:07:50,503 - backend.app.core - ERROR - Exception on /api/auth/me [GET]
Traceback (most recent call last):
  File "/home/juande/UGL/venv/lib/python3.14/site-packages/flask/app.py", line 917, in full_dispatch_request
    rv = self.dispatch_request()
  File "/home/juande/UGL/venv/lib/python3.14/site-packages/flask/app.py", line 902, in dispatch_request
    return self.ensure_sync(self.view_functions[rule.endpoint])(**view_args)  # type: ignore[no-any-return]
           ~~~~~~~~~~~~~~~~~~~~~~~~~~~~~~~~~~~~~~~~~~~~~~~~~~~~^^^^^^^^^^^^^
  File "/home/juande/UGL/venv/lib/python3.14/site-packages/flask_restx/api.py", line 404, in wrapper
    resp = resource(*args, **kwargs)
  File "/home/juande/UGL/venv/lib/python3.14/site-packages/flask/views.py", line 110, in view
    return current_app.ensure_sync(self.dispatch_request)(**kwargs)  # type: ignore[no-any-return]
           ~~~~~~~~~~~~~~~~~~~~~~~~~~~~~~~~~~~~~~~~~~~~~~^^^^^^^^^^
  File "/home/juande/UGL/venv/lib/python3.14/site-packages/flask_restx/resource.py", line 41, in dispatch_request
    resp = meth(*args, **kwargs)
  File "/home/juande/UGL/backend/app/routes/auth.py", line 64, in get
    user = User.query.get(int(user_id))
           ^^^^^^^^^^
  File "/home/juande/UGL/venv/lib/python3.14/site-packages/flask_sqlalchemy/model.py", line 22, in __get__
    return cls.query_class(
           ~~~~~~~~~~~~~~~^
        cls, session=cls.__fsa__.session()  # type: ignore[arg-type]
        ^^^^^^^^^^^^^^^^^^^^^^^^^^^^^^^^^^^^^^^^^^^^^^^^^^^^^^^^^^^^
    )
    ^
  File "/home/juande/UGL/venv/lib/python3.14/site-packages/sqlalchemy/orm/query.py", line 277, in __init__
    self._set_entities(entities)
    ~~~~~~~~~~~~~~~~~~^^^^^^^^^^
  File "/home/juande/UGL/venv/lib/python3.14/site-packages/sqlalchemy/orm/query.py", line 290, in _set_entities
    coercions.expect(
    ~~~~~~~~~~~~~~~~^
        roles.ColumnsClauseRole,
        ^^^^^^^^^^^^^^^^^^^^^^^^
    ...<2 lines>...
        post_inspect=True,
        ^^^^^^^^^^^^^^^^^^
    )
    ^
  File "/home/juande/UGL/venv/lib/python3.14/site-packages/sqlalchemy/sql/coercions.py", line 389, in expect
    insp._post_inspect
  File "/home/juande/UGL/venv/lib/python3.14/site-packages/sqlalchemy/util/langhelpers.py", line 1235, in __get__
    obj.__dict__[self.__name__] = result = self.fget(obj)
                                           ~~~~~~~~~^^^^^
  File "/home/juande/UGL/venv/lib/python3.14/site-packages/sqlalchemy/orm/mapper.py", line 2733, in _post_inspect
    self._check_configure()
    ~~~~~~~~~~~~~~~~~~~~~^^
  File "/home/juande/UGL/venv/lib/python3.14/site-packages/sqlalchemy/orm/mapper.py", line 2410, in _check_configure
    _configure_registries({self.registry}, cascade=True)
    ~~~~~~~~~~~~~~~~~~~~~^^^^^^^^^^^^^^^^^^^^^^^^^^^^^^^
  File "/home/juande/UGL/venv/lib/python3.14/site-packages/sqlalchemy/orm/mapper.py", line 4227, in _configure_registries
    _do_configure_registries(registries, cascade)
    ~~~~~~~~~~~~~~~~~~~~~~~~^^^^^^^^^^^^^^^^^^^^^
  File "/home/juande/UGL/venv/lib/python3.14/site-packages/sqlalchemy/orm/mapper.py", line 4264, in _do_configure_registries
    raise e
sqlalchemy.exc.InvalidRequestError: One or more mappers failed to initialize - can't proceed with initialization of other mappers. Triggering mapper: 'Mapper[Player(player)]'. Original exception was: Error creating backref 'player' on relationship 'Player.assignments': property of that name exists on mapper 'Mapper[MatchAssignment(match_assignment)]'
2026-04-15 01:07:50,517 - backend.app.core - ERROR - Exception on /api/auth/me [GET]
Traceback (most recent call last):
  File "/home/juande/UGL/venv/lib/python3.14/site-packages/flask/app.py", line 917, in full_dispatch_request
    rv = self.dispatch_request()
  File "/home/juande/UGL/venv/lib/python3.14/site-packages/flask/app.py", line 902, in dispatch_request
    return self.ensure_sync(self.view_functions[rule.endpoint])(**view_args)  # type: ignore[no-any-return]
           ~~~~~~~~~~~~~~~~~~~~~~~~~~~~~~~~~~~~~~~~~~~~~~~~~~~~^^^^^^^^^^^^^
  File "/home/juande/UGL/venv/lib/python3.14/site-packages/flask_restx/api.py", line 404, in wrapper
    resp = resource(*args, **kwargs)
  File "/home/juande/UGL/venv/lib/python3.14/site-packages/flask/views.py", line 110, in view
    return current_app.ensure_sync(self.dispatch_request)(**kwargs)  # type: ignore[no-any-return]
           ~~~~~~~~~~~~~~~~~~~~~~~~~~~~~~~~~~~~~~~~~~~~~~^^^^^^^^^^
  File "/home/juande/UGL/venv/lib/python3.14/site-packages/flask_restx/resource.py", line 41, in dispatch_request
    resp = meth(*args, **kwargs)
  File "/home/juande/UGL/backend/app/routes/auth.py", line 64, in get
    user = User.query.get(int(user_id))
           ^^^^^^^^^^
  File "/home/juande/UGL/venv/lib/python3.14/site-packages/flask_sqlalchemy/model.py", line 22, in __get__
    return cls.query_class(
           ~~~~~~~~~~~~~~~^
        cls, session=cls.__fsa__.session()  # type: ignore[arg-type]
        ^^^^^^^^^^^^^^^^^^^^^^^^^^^^^^^^^^^^^^^^^^^^^^^^^^^^^^^^^^^^
    )
    ^
  File "/home/juande/UGL/venv/lib/python3.14/site-packages/sqlalchemy/orm/query.py", line 277, in __init__
    self._set_entities(entities)
    ~~~~~~~~~~~~~~~~~~^^^^^^^^^^
  File "/home/juande/UGL/venv/lib/python3.14/site-packages/sqlalchemy/orm/query.py", line 290, in _set_entities
    coercions.expect(
    ~~~~~~~~~~~~~~~~^
        roles.ColumnsClauseRole,
        ^^^^^^^^^^^^^^^^^^^^^^^^
    ...<2 lines>...
        post_inspect=True,
        ^^^^^^^^^^^^^^^^^^
    )
    ^
  File "/home/juande/UGL/venv/lib/python3.14/site-packages/sqlalchemy/sql/coercions.py", line 389, in expect
    insp._post_inspect
  File "/home/juande/UGL/venv/lib/python3.14/site-packages/sqlalchemy/util/langhelpers.py", line 1235, in __get__
    obj.__dict__[self.__name__] = result = self.fget(obj)
                                           ~~~~~~~~~^^^^^
  File "/home/juande/UGL/venv/lib/python3.14/site-packages/sqlalchemy/orm/mapper.py", line 2733, in _post_inspect
    self._check_configure()
    ~~~~~~~~~~~~~~~~~~~~~^^
  File "/home/juande/UGL/venv/lib/python3.14/site-packages/sqlalchemy/orm/mapper.py", line 2410, in _check_configure
    _configure_registries({self.registry}, cascade=True)
    ~~~~~~~~~~~~~~~~~~~~~^^^^^^^^^^^^^^^^^^^^^^^^^^^^^^^
  File "/home/juande/UGL/venv/lib/python3.14/site-packages/sqlalchemy/orm/mapper.py", line 4227, in _configure_registries
    _do_configure_registries(registries, cascade)
    ~~~~~~~~~~~~~~~~~~~~~~~~^^^^^^^^^^^^^^^^^^^^^
  File "/home/juande/UGL/venv/lib/python3.14/site-packages/sqlalchemy/orm/mapper.py", line 4264, in _do_configure_registries
    raise e
sqlalchemy.exc.InvalidRequestError: One or more mappers failed to initialize - can't proceed with initialization of other mappers. Triggering mapper: 'Mapper[Player(player)]'. Original exception was: Error creating backref 'player' on relationship 'Player.assignments': property of that name exists on mapper 'Mapper[MatchAssignment(match_assignment)]'
2026-04-15 01:08:27,930 - backend.app.core - ERROR - Exception on /api/auth/me [GET]
Traceback (most recent call last):
  File "/home/juande/UGL/venv/lib/python3.14/site-packages/flask/app.py", line 917, in full_dispatch_request
    rv = self.dispatch_request()
  File "/home/juande/UGL/venv/lib/python3.14/site-packages/flask/app.py", line 902, in dispatch_request
    return self.ensure_sync(self.view_functions[rule.endpoint])(**view_args)  # type: ignore[no-any-return]
           ~~~~~~~~~~~~~~~~~~~~~~~~~~~~~~~~~~~~~~~~~~~~~~~~~~~~^^^^^^^^^^^^^
  File "/home/juande/UGL/venv/lib/python3.14/site-packages/flask_restx/api.py", line 404, in wrapper
    resp = resource(*args, **kwargs)
  File "/home/juande/UGL/venv/lib/python3.14/site-packages/flask/views.py", line 110, in view
    return current_app.ensure_sync(self.dispatch_request)(**kwargs)  # type: ignore[no-any-return]
           ~~~~~~~~~~~~~~~~~~~~~~~~~~~~~~~~~~~~~~~~~~~~~~^^^^^^^^^^
  File "/home/juande/UGL/venv/lib/python3.14/site-packages/flask_restx/resource.py", line 41, in dispatch_request
    resp = meth(*args, **kwargs)
  File "/home/juande/UGL/backend/app/routes/auth.py", line 64, in get
    user = User.query.get(int(user_id))
           ^^^^^^^^^^
  File "/home/juande/UGL/venv/lib/python3.14/site-packages/flask_sqlalchemy/model.py", line 22, in __get__
    return cls.query_class(
           ~~~~~~~~~~~~~~~^
        cls, session=cls.__fsa__.session()  # type: ignore[arg-type]
        ^^^^^^^^^^^^^^^^^^^^^^^^^^^^^^^^^^^^^^^^^^^^^^^^^^^^^^^^^^^^
    )
    ^
  File "/home/juande/UGL/venv/lib/python3.14/site-packages/sqlalchemy/orm/query.py", line 277, in __init__
    self._set_entities(entities)
    ~~~~~~~~~~~~~~~~~~^^^^^^^^^^
  File "/home/juande/UGL/venv/lib/python3.14/site-packages/sqlalchemy/orm/query.py", line 290, in _set_entities
    coercions.expect(
    ~~~~~~~~~~~~~~~~^
        roles.ColumnsClauseRole,
        ^^^^^^^^^^^^^^^^^^^^^^^^
    ...<2 lines>...
        post_inspect=True,
        ^^^^^^^^^^^^^^^^^^
    )
    ^
  File "/home/juande/UGL/venv/lib/python3.14/site-packages/sqlalchemy/sql/coercions.py", line 389, in expect
    insp._post_inspect
  File "/home/juande/UGL/venv/lib/python3.14/site-packages/sqlalchemy/util/langhelpers.py", line 1235, in __get__
    obj.__dict__[self.__name__] = result = self.fget(obj)
                                           ~~~~~~~~~^^^^^
  File "/home/juande/UGL/venv/lib/python3.14/site-packages/sqlalchemy/orm/mapper.py", line 2733, in _post_inspect
    self._check_configure()
    ~~~~~~~~~~~~~~~~~~~~~^^
  File "/home/juande/UGL/venv/lib/python3.14/site-packages/sqlalchemy/orm/mapper.py", line 2410, in _check_configure
    _configure_registries({self.registry}, cascade=True)
    ~~~~~~~~~~~~~~~~~~~~~^^^^^^^^^^^^^^^^^^^^^^^^^^^^^^^
  File "/home/juande/UGL/venv/lib/python3.14/site-packages/sqlalchemy/orm/mapper.py", line 4227, in _configure_registries
    _do_configure_registries(registries, cascade)
    ~~~~~~~~~~~~~~~~~~~~~~~~^^^^^^^^^^^^^^^^^^^^^
  File "/home/juande/UGL/venv/lib/python3.14/site-packages/sqlalchemy/orm/mapper.py", line 4268, in _do_configure_registries
    mapper._post_configure_properties()
    ~~~~~~~~~~~~~~~~~~~~~~~~~~~~~~~~~^^
  File "/home/juande/UGL/venv/lib/python3.14/site-packages/sqlalchemy/orm/mapper.py", line 2427, in _post_configure_properties
    prop.init()
    ~~~~~~~~~^^
  File "/home/juande/UGL/venv/lib/python3.14/site-packages/sqlalchemy/orm/interfaces.py", line 595, in init
    self.do_init()
    ~~~~~~~~~~~~^^
  File "/home/juande/UGL/venv/lib/python3.14/site-packages/sqlalchemy/orm/relationships.py", line 1660, in do_init
    self._generate_backref()
    ~~~~~~~~~~~~~~~~~~~~~~^^
  File "/home/juande/UGL/venv/lib/python3.14/site-packages/sqlalchemy/orm/relationships.py", line 2086, in _generate_backref
    raise sa_exc.ArgumentError(
    ...<4 lines>...
    )
sqlalchemy.exc.ArgumentError: Error creating backref 'player' on relationship 'Player.assignments': property of that name exists on mapper 'Mapper[MatchAssignment(match_assignment)]'
2026-04-15 01:08:27,938 - backend.app.core - ERROR - Exception on /api/auth/me [GET]
Traceback (most recent call last):
  File "/home/juande/UGL/venv/lib/python3.14/site-packages/flask/app.py", line 917, in full_dispatch_request
    rv = self.dispatch_request()
  File "/home/juande/UGL/venv/lib/python3.14/site-packages/flask/app.py", line 902, in dispatch_request
    return self.ensure_sync(self.view_functions[rule.endpoint])(**view_args)  # type: ignore[no-any-return]
           ~~~~~~~~~~~~~~~~~~~~~~~~~~~~~~~~~~~~~~~~~~~~~~~~~~~~^^^^^^^^^^^^^
  File "/home/juande/UGL/venv/lib/python3.14/site-packages/flask_restx/api.py", line 404, in wrapper
    resp = resource(*args, **kwargs)
  File "/home/juande/UGL/venv/lib/python3.14/site-packages/flask/views.py", line 110, in view
    return current_app.ensure_sync(self.dispatch_request)(**kwargs)  # type: ignore[no-any-return]
           ~~~~~~~~~~~~~~~~~~~~~~~~~~~~~~~~~~~~~~~~~~~~~~^^^^^^^^^^
  File "/home/juande/UGL/venv/lib/python3.14/site-packages/flask_restx/resource.py", line 41, in dispatch_request
    resp = meth(*args, **kwargs)
  File "/home/juande/UGL/backend/app/routes/auth.py", line 64, in get
    user = User.query.get(int(user_id))
           ^^^^^^^^^^
  File "/home/juande/UGL/venv/lib/python3.14/site-packages/flask_sqlalchemy/model.py", line 22, in __get__
    return cls.query_class(
           ~~~~~~~~~~~~~~~^
        cls, session=cls.__fsa__.session()  # type: ignore[arg-type]
        ^^^^^^^^^^^^^^^^^^^^^^^^^^^^^^^^^^^^^^^^^^^^^^^^^^^^^^^^^^^^
    )
    ^
  File "/home/juande/UGL/venv/lib/python3.14/site-packages/sqlalchemy/orm/query.py", line 277, in __init__
    self._set_entities(entities)
    ~~~~~~~~~~~~~~~~~~^^^^^^^^^^
  File "/home/juande/UGL/venv/lib/python3.14/site-packages/sqlalchemy/orm/query.py", line 290, in _set_entities
    coercions.expect(
    ~~~~~~~~~~~~~~~~^
        roles.ColumnsClauseRole,
        ^^^^^^^^^^^^^^^^^^^^^^^^
    ...<2 lines>...
        post_inspect=True,
        ^^^^^^^^^^^^^^^^^^
    )
    ^
  File "/home/juande/UGL/venv/lib/python3.14/site-packages/sqlalchemy/sql/coercions.py", line 389, in expect
    insp._post_inspect
  File "/home/juande/UGL/venv/lib/python3.14/site-packages/sqlalchemy/util/langhelpers.py", line 1235, in __get__
    obj.__dict__[self.__name__] = result = self.fget(obj)
                                           ~~~~~~~~~^^^^^
  File "/home/juande/UGL/venv/lib/python3.14/site-packages/sqlalchemy/orm/mapper.py", line 2733, in _post_inspect
    self._check_configure()
    ~~~~~~~~~~~~~~~~~~~~~^^
  File "/home/juande/UGL/venv/lib/python3.14/site-packages/sqlalchemy/orm/mapper.py", line 2410, in _check_configure
    _configure_registries({self.registry}, cascade=True)
    ~~~~~~~~~~~~~~~~~~~~~^^^^^^^^^^^^^^^^^^^^^^^^^^^^^^^
  File "/home/juande/UGL/venv/lib/python3.14/site-packages/sqlalchemy/orm/mapper.py", line 4227, in _configure_registries
    _do_configure_registries(registries, cascade)
    ~~~~~~~~~~~~~~~~~~~~~~~~^^^^^^^^^^^^^^^^^^^^^
  File "/home/juande/UGL/venv/lib/python3.14/site-packages/sqlalchemy/orm/mapper.py", line 4264, in _do_configure_registries
    raise e
sqlalchemy.exc.InvalidRequestError: One or more mappers failed to initialize - can't proceed with initialization of other mappers. Triggering mapper: 'Mapper[Player(player)]'. Original exception was: Error creating backref 'player' on relationship 'Player.assignments': property of that name exists on mapper 'Mapper[MatchAssignment(match_assignment)]'
2026-04-15 01:08:35,558 - backend.app.core - ERROR - Exception on /api/auth/login [POST]
Traceback (most recent call last):
  File "/home/juande/UGL/venv/lib/python3.14/site-packages/flask/app.py", line 917, in full_dispatch_request
    rv = self.dispatch_request()
  File "/home/juande/UGL/venv/lib/python3.14/site-packages/flask/app.py", line 902, in dispatch_request
    return self.ensure_sync(self.view_functions[rule.endpoint])(**view_args)  # type: ignore[no-any-return]
           ~~~~~~~~~~~~~~~~~~~~~~~~~~~~~~~~~~~~~~~~~~~~~~~~~~~~^^^^^^^^^^^^^
  File "/home/juande/UGL/venv/lib/python3.14/site-packages/flask_restx/api.py", line 404, in wrapper
    resp = resource(*args, **kwargs)
  File "/home/juande/UGL/venv/lib/python3.14/site-packages/flask/views.py", line 110, in view
    return current_app.ensure_sync(self.dispatch_request)(**kwargs)  # type: ignore[no-any-return]
           ~~~~~~~~~~~~~~~~~~~~~~~~~~~~~~~~~~~~~~~~~~~~~~^^^^^^^^^^
  File "/home/juande/UGL/venv/lib/python3.14/site-packages/flask_restx/resource.py", line 41, in dispatch_request
    resp = meth(*args, **kwargs)
  File "/home/juande/UGL/backend/app/routes/auth.py", line 36, in post
    user = User.query.filter_by(email=email).first()
           ^^^^^^^^^^
  File "/home/juande/UGL/venv/lib/python3.14/site-packages/flask_sqlalchemy/model.py", line 22, in __get__
    return cls.query_class(
           ~~~~~~~~~~~~~~~^
        cls, session=cls.__fsa__.session()  # type: ignore[arg-type]
        ^^^^^^^^^^^^^^^^^^^^^^^^^^^^^^^^^^^^^^^^^^^^^^^^^^^^^^^^^^^^
    )
    ^
  File "/home/juande/UGL/venv/lib/python3.14/site-packages/sqlalchemy/orm/query.py", line 277, in __init__
    self._set_entities(entities)
    ~~~~~~~~~~~~~~~~~~^^^^^^^^^^
  File "/home/juande/UGL/venv/lib/python3.14/site-packages/sqlalchemy/orm/query.py", line 290, in _set_entities
    coercions.expect(
    ~~~~~~~~~~~~~~~~^
        roles.ColumnsClauseRole,
        ^^^^^^^^^^^^^^^^^^^^^^^^
    ...<2 lines>...
        post_inspect=True,
        ^^^^^^^^^^^^^^^^^^
    )
    ^
  File "/home/juande/UGL/venv/lib/python3.14/site-packages/sqlalchemy/sql/coercions.py", line 389, in expect
    insp._post_inspect
  File "/home/juande/UGL/venv/lib/python3.14/site-packages/sqlalchemy/util/langhelpers.py", line 1235, in __get__
    obj.__dict__[self.__name__] = result = self.fget(obj)
                                           ~~~~~~~~~^^^^^
  File "/home/juande/UGL/venv/lib/python3.14/site-packages/sqlalchemy/orm/mapper.py", line 2733, in _post_inspect
    self._check_configure()
    ~~~~~~~~~~~~~~~~~~~~~^^
  File "/home/juande/UGL/venv/lib/python3.14/site-packages/sqlalchemy/orm/mapper.py", line 2410, in _check_configure
    _configure_registries({self.registry}, cascade=True)
    ~~~~~~~~~~~~~~~~~~~~~^^^^^^^^^^^^^^^^^^^^^^^^^^^^^^^
  File "/home/juande/UGL/venv/lib/python3.14/site-packages/sqlalchemy/orm/mapper.py", line 4227, in _configure_registries
    _do_configure_registries(registries, cascade)
    ~~~~~~~~~~~~~~~~~~~~~~~~^^^^^^^^^^^^^^^^^^^^^
  File "/home/juande/UGL/venv/lib/python3.14/site-packages/sqlalchemy/orm/mapper.py", line 4264, in _do_configure_registries
    raise e
sqlalchemy.exc.InvalidRequestError: One or more mappers failed to initialize - can't proceed with initialization of other mappers. Triggering mapper: 'Mapper[Player(player)]'. Original exception was: Error creating backref 'player' on relationship 'Player.assignments': property of that name exists on mapper 'Mapper[MatchAssignment(match_assignment)]'
2026-04-15 01:08:35,566 - backend.app.core - ERROR - Exception on /api/auth/me [GET]
Traceback (most recent call last):
  File "/home/juande/UGL/venv/lib/python3.14/site-packages/flask/app.py", line 917, in full_dispatch_request
    rv = self.dispatch_request()
  File "/home/juande/UGL/venv/lib/python3.14/site-packages/flask/app.py", line 902, in dispatch_request
    return self.ensure_sync(self.view_functions[rule.endpoint])(**view_args)  # type: ignore[no-any-return]
           ~~~~~~~~~~~~~~~~~~~~~~~~~~~~~~~~~~~~~~~~~~~~~~~~~~~~^^^^^^^^^^^^^
  File "/home/juande/UGL/frontend/app/routes/auth.py", line 36, in login
    abort(503)
    ~~~~~^^^^^
  File "/home/juande/UGL/venv/lib/python3.14/site-packages/flask/helpers.py", line 291, in abort
    current_app.aborter(code, *args, **kwargs)
    ~~~~~~~~~~~~~~~~~~~^^^^^^^^^^^^^^^^^^^^^^^
  File "/home/juande/UGL/venv/lib/python3.14/site-packages/werkzeug/exceptions.py", line 887, in __call__
    raise self.mapping[code](*args, **kwargs)
werkzeug.exceptions.ServiceUnavailable: 503 Service Unavailable: The server is temporarily unable to service your request due to maintenance downtime or capacity problems. Please try again later.

During handling of the above exception, another exception occurred:

Traceback (most recent call last):
  File "/home/juande/UGL/venv/lib/python3.14/site-packages/flask/app.py", line 917, in full_dispatch_request
    rv = self.dispatch_request()
  File "/home/juande/UGL/venv/lib/python3.14/site-packages/flask/app.py", line 902, in dispatch_request
    return self.ensure_sync(self.view_functions[rule.endpoint])(**view_args)  # type: ignore[no-any-return]
           ~~~~~~~~~~~~~~~~~~~~~~~~~~~~~~~~~~~~~~~~~~~~~~~~~~~~^^^^^^^^^^^^^
  File "/home/juande/UGL/venv/lib/python3.14/site-packages/flask_restx/api.py", line 404, in wrapper
    resp = resource(*args, **kwargs)
  File "/home/juande/UGL/venv/lib/python3.14/site-packages/flask/views.py", line 110, in view
    return current_app.ensure_sync(self.dispatch_request)(**kwargs)  # type: ignore[no-any-return]
           ~~~~~~~~~~~~~~~~~~~~~~~~~~~~~~~~~~~~~~~~~~~~~~^^^^^^^^^^
  File "/home/juande/UGL/venv/lib/python3.14/site-packages/flask_restx/resource.py", line 41, in dispatch_request
    resp = meth(*args, **kwargs)
  File "/home/juande/UGL/backend/app/routes/auth.py", line 64, in get
    user = User.query.get(int(user_id))
           ^^^^^^^^^^
  File "/home/juande/UGL/venv/lib/python3.14/site-packages/flask_sqlalchemy/model.py", line 22, in __get__
    return cls.query_class(
           ~~~~~~~~~~~~~~~^
        cls, session=cls.__fsa__.session()  # type: ignore[arg-type]
        ^^^^^^^^^^^^^^^^^^^^^^^^^^^^^^^^^^^^^^^^^^^^^^^^^^^^^^^^^^^^
    )
    ^
  File "/home/juande/UGL/venv/lib/python3.14/site-packages/sqlalchemy/orm/query.py", line 277, in __init__
    self._set_entities(entities)
    ~~~~~~~~~~~~~~~~~~^^^^^^^^^^
  File "/home/juande/UGL/venv/lib/python3.14/site-packages/sqlalchemy/orm/query.py", line 290, in _set_entities
    coercions.expect(
    ~~~~~~~~~~~~~~~~^
        roles.ColumnsClauseRole,
        ^^^^^^^^^^^^^^^^^^^^^^^^
    ...<2 lines>...
        post_inspect=True,
        ^^^^^^^^^^^^^^^^^^
    )
    ^
  File "/home/juande/UGL/venv/lib/python3.14/site-packages/sqlalchemy/sql/coercions.py", line 389, in expect
    insp._post_inspect
  File "/home/juande/UGL/venv/lib/python3.14/site-packages/sqlalchemy/util/langhelpers.py", line 1235, in __get__
    obj.__dict__[self.__name__] = result = self.fget(obj)
                                           ~~~~~~~~~^^^^^
  File "/home/juande/UGL/venv/lib/python3.14/site-packages/sqlalchemy/orm/mapper.py", line 2733, in _post_inspect
    self._check_configure()
    ~~~~~~~~~~~~~~~~~~~~~^^
  File "/home/juande/UGL/venv/lib/python3.14/site-packages/sqlalchemy/orm/mapper.py", line 2410, in _check_configure
    _configure_registries({self.registry}, cascade=True)
    ~~~~~~~~~~~~~~~~~~~~~^^^^^^^^^^^^^^^^^^^^^^^^^^^^^^^
  File "/home/juande/UGL/venv/lib/python3.14/site-packages/sqlalchemy/orm/mapper.py", line 4227, in _configure_registries
    _do_configure_registries(registries, cascade)
    ~~~~~~~~~~~~~~~~~~~~~~~~^^^^^^^^^^^^^^^^^^^^^
  File "/home/juande/UGL/venv/lib/python3.14/site-packages/sqlalchemy/orm/mapper.py", line 4264, in _do_configure_registries
    raise e
sqlalchemy.exc.InvalidRequestError: One or more mappers failed to initialize - can't proceed with initialization of other mappers. Triggering mapper: 'Mapper[Player(player)]'. Original exception was: Error creating backref 'player' on relationship 'Player.assignments': property of that name exists on mapper 'Mapper[MatchAssignment(match_assignment)]'
2026-04-15 01:08:35,577 - backend.app.core - ERROR - Exception on /api/auth/me [GET]
Traceback (most recent call last):
  File "/home/juande/UGL/venv/lib/python3.14/site-packages/flask/app.py", line 917, in full_dispatch_request
    rv = self.dispatch_request()
  File "/home/juande/UGL/venv/lib/python3.14/site-packages/flask/app.py", line 902, in dispatch_request
    return self.ensure_sync(self.view_functions[rule.endpoint])(**view_args)  # type: ignore[no-any-return]
           ~~~~~~~~~~~~~~~~~~~~~~~~~~~~~~~~~~~~~~~~~~~~~~~~~~~~^^^^^^^^^^^^^
  File "/home/juande/UGL/frontend/app/routes/auth.py", line 36, in login
    abort(503)
    ~~~~~^^^^^
  File "/home/juande/UGL/venv/lib/python3.14/site-packages/flask/helpers.py", line 291, in abort
    current_app.aborter(code, *args, **kwargs)
    ~~~~~~~~~~~~~~~~~~~^^^^^^^^^^^^^^^^^^^^^^^
  File "/home/juande/UGL/venv/lib/python3.14/site-packages/werkzeug/exceptions.py", line 887, in __call__
    raise self.mapping[code](*args, **kwargs)
werkzeug.exceptions.ServiceUnavailable: 503 Service Unavailable: The server is temporarily unable to service your request due to maintenance downtime or capacity problems. Please try again later.

During handling of the above exception, another exception occurred:

Traceback (most recent call last):
  File "/home/juande/UGL/venv/lib/python3.14/site-packages/flask/app.py", line 917, in full_dispatch_request
    rv = self.dispatch_request()
  File "/home/juande/UGL/venv/lib/python3.14/site-packages/flask/app.py", line 902, in dispatch_request
    return self.ensure_sync(self.view_functions[rule.endpoint])(**view_args)  # type: ignore[no-any-return]
           ~~~~~~~~~~~~~~~~~~~~~~~~~~~~~~~~~~~~~~~~~~~~~~~~~~~~^^^^^^^^^^^^^
  File "/home/juande/UGL/venv/lib/python3.14/site-packages/flask_restx/api.py", line 404, in wrapper
    resp = resource(*args, **kwargs)
  File "/home/juande/UGL/venv/lib/python3.14/site-packages/flask/views.py", line 110, in view
    return current_app.ensure_sync(self.dispatch_request)(**kwargs)  # type: ignore[no-any-return]
           ~~~~~~~~~~~~~~~~~~~~~~~~~~~~~~~~~~~~~~~~~~~~~~^^^^^^^^^^
  File "/home/juande/UGL/venv/lib/python3.14/site-packages/flask_restx/resource.py", line 41, in dispatch_request
    resp = meth(*args, **kwargs)
  File "/home/juande/UGL/backend/app/routes/auth.py", line 64, in get
    user = User.query.get(int(user_id))
           ^^^^^^^^^^
  File "/home/juande/UGL/venv/lib/python3.14/site-packages/flask_sqlalchemy/model.py", line 22, in __get__
    return cls.query_class(
           ~~~~~~~~~~~~~~~^
        cls, session=cls.__fsa__.session()  # type: ignore[arg-type]
        ^^^^^^^^^^^^^^^^^^^^^^^^^^^^^^^^^^^^^^^^^^^^^^^^^^^^^^^^^^^^
    )
    ^
  File "/home/juande/UGL/venv/lib/python3.14/site-packages/sqlalchemy/orm/query.py", line 277, in __init__
    self._set_entities(entities)
    ~~~~~~~~~~~~~~~~~~^^^^^^^^^^
  File "/home/juande/UGL/venv/lib/python3.14/site-packages/sqlalchemy/orm/query.py", line 290, in _set_entities
    coercions.expect(
    ~~~~~~~~~~~~~~~~^
        roles.ColumnsClauseRole,
        ^^^^^^^^^^^^^^^^^^^^^^^^
    ...<2 lines>...
        post_inspect=True,
        ^^^^^^^^^^^^^^^^^^
    )
    ^
  File "/home/juande/UGL/venv/lib/python3.14/site-packages/sqlalchemy/sql/coercions.py", line 389, in expect
    insp._post_inspect
  File "/home/juande/UGL/venv/lib/python3.14/site-packages/sqlalchemy/util/langhelpers.py", line 1235, in __get__
    obj.__dict__[self.__name__] = result = self.fget(obj)
                                           ~~~~~~~~~^^^^^
  File "/home/juande/UGL/venv/lib/python3.14/site-packages/sqlalchemy/orm/mapper.py", line 2733, in _post_inspect
    self._check_configure()
    ~~~~~~~~~~~~~~~~~~~~~^^
  File "/home/juande/UGL/venv/lib/python3.14/site-packages/sqlalchemy/orm/mapper.py", line 2410, in _check_configure
    _configure_registries({self.registry}, cascade=True)
    ~~~~~~~~~~~~~~~~~~~~~^^^^^^^^^^^^^^^^^^^^^^^^^^^^^^^
  File "/home/juande/UGL/venv/lib/python3.14/site-packages/sqlalchemy/orm/mapper.py", line 4227, in _configure_registries
    _do_configure_registries(registries, cascade)
    ~~~~~~~~~~~~~~~~~~~~~~~~^^^^^^^^^^^^^^^^^^^^^
  File "/home/juande/UGL/venv/lib/python3.14/site-packages/sqlalchemy/orm/mapper.py", line 4264, in _do_configure_registries
    raise e
sqlalchemy.exc.InvalidRequestError: One or more mappers failed to initialize - can't proceed with initialization of other mappers. Triggering mapper: 'Mapper[Player(player)]'. Original exception was: Error creating backref 'player' on relationship 'Player.assignments': property of that name exists on mapper 'Mapper[MatchAssignment(match_assignment)]'
